last executing test programs:

10.303008348s ago: executing program 1 (id=28):
r0 = socket$nl_generic(0x10, 0x3, 0x10)
r1 = syz_genetlink_get_family_id$ethtool(&(0x7f0000000040), 0xffffffffffffffff)
msync(&(0x7f0000ffe000/0x2000)=nil, 0x2000, 0x5) (async, rerun: 64)
sendmsg$ETHTOOL_MSG_STRSET_GET(r0, &(0x7f0000000340)={0x0, 0x0, &(0x7f0000000300)={&(0x7f0000000380)={0x34, r1, 0xb01, 0x0, 0x0, {}, [@ETHTOOL_A_STRSET_HEADER={0x4}, @ETHTOOL_A_STRSET_STRINGSETS={0x1c, 0x2, 0x0, 0x1, [{0xc, 0x1, 0x0, 0x1, [@ETHTOOL_A_STRINGSET_ID={0x8, 0x1, 0x4}]}, {0xc, 0x1, 0x0, 0x1, [@ETHTOOL_A_STRINGSET_ID={0x8, 0x1, 0x5}]}]}]}, 0x34}}, 0x0) (rerun: 64)
socket$inet_udplite(0x2, 0x2, 0x88)

10.302375077s ago: executing program 1 (id=29):
r0 = socket$netlink(0x10, 0x3, 0x0)
sendmsg$netlink(r0, &(0x7f0000000040)={0x0, 0x0, &(0x7f0000000b00)=[{&(0x7f0000000080)={0x1c, 0x20, 0x1, 0x0, 0x0, "", [@generic="c05b14243b2d1d22bf"]}, 0x1c}, {&(0x7f0000000e40)=ANY=[@ANYBLOB="1400000010e900eaffffffffffffff0004000080"], 0x14}], 0x2}, 0x0)

10.248596906s ago: executing program 1 (id=32):
r0 = socket$packet(0x11, 0x3, 0x300) (async)
sendmsg$NL80211_CMD_PEER_MEASUREMENT_START(0xffffffffffffffff, &(0x7f0000003e40)={0x0, 0x0, &(0x7f0000003e00)={0x0, 0x14}}, 0x0)
r1 = socket$inet6_udplite(0xa, 0x2, 0x88)
sendmmsg$inet6(r1, &(0x7f00000032c0)=[{{&(0x7f0000000000)={0xa, 0x4e26, 0x0, @ipv4={'\x00', '\xff\xff', @empty}}, 0x1c, 0x0}}], 0x4000000000000b8, 0xc048000)
setsockopt$packet_fanout(r0, 0x107, 0x12, &(0x7f0000000000)={0x0, 0x3}, 0x4) (async)
r2 = socket$nl_generic(0x10, 0x3, 0x10) (async)
r3 = syz_genetlink_get_family_id$nl80211(&(0x7f0000000080), 0xffffffffffffffff)
sendmsg$NL80211_CMD_FLUSH_PMKSA(r2, &(0x7f0000000180)={&(0x7f0000000000)={0x10, 0x0, 0x0, 0x1000000}, 0xc, &(0x7f0000000140)={&(0x7f00000000c0)={0x14, r3, 0x100, 0x70bd28, 0x25dfdbfb, {{}, {@void, @void}}, ["", "", "", "", "", "", ""]}, 0x14}, 0x1, 0x0, 0x0, 0x400c88d}, 0x24008890) (async)
setsockopt$packet_fanout(0xffffffffffffffff, 0x107, 0x12, &(0x7f0000000040)={0x0, 0x6}, 0x4)
syz_mount_image$ext4(&(0x7f0000000040)='ext4\x00', &(0x7f0000000000)='./bus\x00', 0xe, &(0x7f0000000140)={[{@noload}, {@resuid={'resuid', 0x3d, 0xee01}}, {@debug_want_extra_isize={'debug_want_extra_isize', 0x3d, 0x2e}}, {@lazytime}, {@i_version}, {@quota}]}, 0x3, 0x431, &(0x7f0000000500)="$eJzs289PHFUcAPDvzAKV/hCs9UdpVbQaiT+g0Ko9eNFo4kETEz3UIwJtsNtiCia2IYrG1KNp4t14NPEv8KQXo55MvOrdNGkMl1ZPa2Z3BpZllwJdWO1+Psm07828zXvfffN235vHBtC1hrN/koj9EfF7RAzUsmsLDNf+u7m8OPX38uJUEpXKW38l1XI3lheniqLF6/blmZE0Iv0siSNN6p2/dPncZLk8czHPjy2cf39s/tLlZ2fPT56dOTtzYeLUqZMnxl94fuK5tsSZxXVj6KO5o4dfe+fqG1Onr77787dJEX9DHG0yvNHFJyqVNlfXWQfq0klPBxvClpQiIuuu3ur4H4hSrHbeQLz6aUcbB+yoSq7F5aUKcAdLotMtADqj+KLP1r/FsXuzj867/lJtAZTFfTM/ald6Is3L9Dasb9tpOCJOL/3zVXbEzjyHAABY4/ts/vNMs/lfGvfXlbs730MZjIh7IuJgRNwbEYci4r6IatkHIuLBLdbfuEmyfv6TXttWYJuUzf9ezPe21s7/itlfDJby3IFq/L3JmdnyzPH8PRmJ3j1ZfnyDOn545bcvWl2rn/9lR1Z/MRfM23GtZ8/a10xPLkzeTsz1rn8SMdTTLP5kZScgiYjDETG0zTpmn/rmaKtrt45/A23YZ6p8HfFkrf+XoiH+QrLx/uTYXVGeOT5W3BXr/fLrlTdb1X9b8bdB1v97m97/K/EPJvX7tfNbr+PKH5+3XNNs9/7vS96upvvycx9OLixcHI/oS16vNbr+/MTqa4t8UT6Lf+RY8/F/MFbfiSMRkd3ED0XEwxHxSN72RyPisYg4tkH8P738+Hvbj39nZfFPb6n/VxN90XimeaJ07sfv1lQ6uJX4s/4/WU2N5Gc28/m3mXZt724GAACA/580IvZHko6upNN0dLT2N/yHYm9anptfePrM3AcXpmu/ERiM3rR40jVQ9zx0PF/WF/mJhvyJ/Lnxl6X+an50aq483engocvtazH+M3+WOt06YMf5vRZ0L+MfupfxD93L+Ifu1WT893eiHcDua/b9/3EH2gHsvobxb9sPuoj1P3Qv4x+6l/EPXWm+P279I3kJiXWJSP8TzZDYoUSnP5kAAAAAAAAAAAAAAAAAAAAAAAAAAAAAAAAAAAAAAAAAAAAAAAAAAAAAAAAAAAAAAAAAAAAAAAAAAAAAAAAAAAAAAAAAAAAAAAAAAAAAAAAAAAAAAAAAAAAAAAAAAAAAAAAAAAAAAAAAAAAAAAAAAAAAAAAAAAAAAAAAAAAAAAAAAAAAAAAAAAAAAAAAAAAAAAAAAAAAAAAAAAAAAAAAAAAAAAAAAAAAAAAAAAAAAAAAAAAAAAAAAAAAAAAAAAAAAAAAAAAAAAAAAAAAAAAAAAAAAAAAAAAAAAAAAAAAAAAAAAAAAADa498AAAD//wgz6sQ=") (async, rerun: 32)
r4 = socket$inet(0x2, 0x3, 0x2) (rerun: 32)
perf_event_open(&(0x7f000001d000)={0x1, 0x80, 0x0, 0x0, 0x0, 0x0, 0x0, 0x58d, 0x10100, 0x0, 0x0, 0x0, 0x0, 0x0, 0x0, 0x0, 0x0, 0x0, 0x0, 0x0, 0x0, 0x0, 0x0, 0x0, 0x0, 0x0, 0x0, 0x0, 0x0, 0x0, 0x0, 0x0, 0x0, 0x0, 0x0, 0x0, 0x0, 0x0, 0x0, 0x0, 0x0, 0x0, 0x0, 0x0, 0x0, 0x0, 0x0, 0x0, 0x0, 0x0, @perf_bp={0x0}}, 0x0, 0xffffffffffffffff, 0xffffffffffffffff, 0x0) (async, rerun: 64)
r5 = socket(0x2, 0x2, 0x0) (rerun: 64)
bind$unix(r5, &(0x7f0000000000)=@abs, 0x6e) (async, rerun: 64)
setsockopt$inet_mreqsrc(r4, 0x0, 0x27, &(0x7f0000000040)={@multicast2, @local, @initdev={0xac, 0x1e, 0x0, 0x0}}, 0xc) (rerun: 64)
chdir(&(0x7f0000000240)='./file0\x00')
r6 = timerfd_create(0x8, 0x0)
clock_gettime(0x0, &(0x7f0000000540)={0x0, <r7=>0x0}) (async)
r8 = syz_genetlink_get_family_id$batadv(&(0x7f0000000200), 0xffffffffffffffff)
sendmsg$BATADV_CMD_GET_HARDIF(r2, &(0x7f0000000380)={&(0x7f00000001c0), 0xc, &(0x7f0000000280)={&(0x7f0000000300)={0x50, r8, 0x800, 0x70bd27, 0x25dfdbfd, {}, [@BATADV_ATTR_FRAGMENTATION_ENABLED={0x5}, @BATADV_ATTR_AGGREGATED_OGMS_ENABLED={0x5}, @BATADV_ATTR_DISTRIBUTED_ARP_TABLE_ENABLED={0x5}, @BATADV_ATTR_ORIG_ADDRESS={0xa}, @BATADV_ATTR_GW_MODE={0x5}, @BATADV_ATTR_MULTICAST_FANOUT={0x8, 0x3c, 0x7fff}, @BATADV_ATTR_TPMETER_TEST_TIME={0x8, 0xb, 0x7}]}, 0x50}, 0x1, 0x0, 0x0, 0x4}, 0x0) (async)
timerfd_settime(r6, 0x0, &(0x7f0000000580)={{0x0, 0x989680}, {0x0, r7+60000000}}, 0x0) (async)
timerfd_create(0x4, 0x80000) (async)
r9 = mq_open(&(0x7f0000000000)='.*^{-$&!%#$!:},)\x00', 0x41, 0x124, &(0x7f0000000040)={0x3, 0x5, 0x20, 0xfffffffffffffff9})
mq_timedsend(r9, &(0x7f0000000080)="cdfc57d910fe61ed1a45dcd7fb3f7f26706d4455b0c7d296", 0x18, 0x1c, &(0x7f00000000c0)) (async)
openat$cgroup_ro(0xffffffffffffff9c, &(0x7f00000002c0)='cgroup.controllers\x00', 0x275a, 0x0)
setsockopt$packet_fanout_data(0xffffffffffffffff, 0x107, 0x16, &(0x7f0000000100)={0x0, &(0x7f0000000180)}, 0x10)

9.95472034s ago: executing program 1 (id=35):
r0 = socket(0x840000000002, 0x3, 0xff)
r1 = semget$private(0x0, 0x4000000009, 0x0)
r2 = openat$sndseq(0xffffffffffffff9c, &(0x7f0000000080), 0x200002)
r3 = openat(0xffffffffffffff9c, &(0x7f0000004280)='./file0\x00', 0x0, 0x0)
getdents64(r3, 0x0, 0x0)
write$cgroup_subtree(r3, &(0x7f0000000240)=ANY=[@ANYBLOB="2b6e65805f7072696f202b696f202b68756765746c62202b706572665f6576656e7420"], 0x23)
r4 = socket$inet6_udplite(0xa, 0x2, 0x88)
sendto$inet6(r4, &(0x7f000000a440)="5dd2d74f4265579a5f615696fb29646a559531c38c3a20c07cb470f8e1f8851d5bcb63a5adaa178428909533ef226d5a09a6e1d592d6fc1f59fed8ce01b536b1f137313bc84bcb5063babf439f1227a1c9d68e1101218473b81efc24727b396af15510cc4be71b32bc42ca5fa7be0aa4cd33ca9320496a6a81ec7e4cbe708f8db8a1d5d7713b62cb2f135b56e30c74a7f5d13bb5f7650812131ec772c3fde888831c640fc5dd6eba4aab5864a9c09998d46383a9fc0b36dbf2ac56b4226a10fd1136212038d7b7736049017f5ae3c7f16a454705696048f2d51d7a253c4cc6eb3c2798bb735ce4841238714133fa6cc9101f110687c6df9ad36f655feceaa85994e3f7b3a568ad133fa967cf866532a2540056d39ba16f70beb1aac10e57e26bcd3deb84d9c3cf5133026dc745610f74c618f28ba74cc8663e1c0e3168f581594a246d9c0d52e8bd8a72ad4a6eda8da82cd88d8d5d52f718b085ebba6fffbbee09a234fc4522de9e971777271ba7d6f10cbd49a29f68b47312909fb7e55b1a406c73e5876bc052dc0c4e29eab055d8bf9ff0a91fdb5c9458aea234d9837a03641154579e9b440c11ad81a8be4772b2d39058f3a08dde46f73bca147f7afddb49acc8f37fc21dbc1fc174d44c079e7a728e67195f1c83b5c8282b78eb25cf2e18b7620c28a4cb024fd6233273d27b637d156e1c0a61d36e4d052632e6b2ff936f2c5506eff1a358d579546be53eb6c6e5e28a2f74ac281ea2ff0870e1914fd69525349d8ca23606b0ffbf92190f2e84bf6437cc619b6e0bc5ece1bb6149ceb22b489506dc659ef14b6bb756c0c70fd29769d29f56b8db49425a47da93847aadeb7a0327d0f2b5ed577a071be7e4d36a10833a66c03766e25a52", 0x279, 0xc040, &(0x7f000000b440)={0xa, 0x4e22, 0x0, @loopback}, 0x1c)
setsockopt$sock_int(r4, 0x1, 0x20, &(0x7f000000b600), 0x4)
ioctl$SNDRV_SEQ_IOCTL_SET_QUEUE_CLIENT(r2, 0x404c534a, &(0x7f0000000180)={0xa, 0x4, 0x3})
r5 = socket$igmp(0x2, 0x3, 0x2)
perf_event_open(&(0x7f0000000200)={0x2, 0x80, 0x70, 0x0, 0x0, 0x0, 0x0, 0x5, 0x0, 0x0, 0x0, 0x0, 0x0, 0x0, 0x0, 0x0, 0x0, 0x0, 0x0, 0x0, 0x0, 0x0, 0x0, 0x0, 0x0, 0x0, 0x0, 0x0, 0x0, 0x0, 0x0, 0x0, 0x0, 0x0, 0x0, 0x0, 0x0, 0x0, 0x0, 0x0, 0x0, 0x0, 0x0, 0x0, 0x0, 0x0, 0x0, 0x0, 0x0, 0x2, @perf_bp={0x0}, 0x400}, 0x0, 0x0, 0xffffffffffffffff, 0x0)
mkdir(&(0x7f0000002200)='./file1\x00', 0x7a)
pipe(&(0x7f0000000100)={0xffffffffffffffff, <r6=>0xffffffffffffffff})
r7 = socket$unix(0x1, 0x1, 0x0)
bind$unix(r7, &(0x7f0000000000)=@abs={0x1}, 0x6e)
bind$unix(r7, &(0x7f00000001c0)=@file={0x1, '\xe9\x1fq\x89Y\x1e\x923aK\x00'}, 0x56)
mount$fuse(0x0, 0x0, 0x0, 0x0, &(0x7f0000000400)=ANY=[@ANYBLOB='fd=', @ANYRESHEX=r6])
mount(0x0, &(0x7f0000002100)='./file1\x00', &(0x7f0000000040)='autofs\x00', 0x0, &(0x7f0000000400))
chdir(&(0x7f0000000140)='./file1\x00')
r8 = open(&(0x7f0000000000)='.\x00', 0x0, 0x0)
mkdirat(0xffffffffffffff9c, &(0x7f0000000100)='./file1\x00', 0x0)
mount(0x0, &(0x7f0000000380)='./file1\x00', &(0x7f0000000100)='autofs\x00', 0x808, &(0x7f0000000400))
ioctl$AUTOFS_IOC_ASKUMOUNT(r8, 0x40049366, 0x0)
fsetxattr$security_selinux(r5, &(0x7f0000000000), &(0x7f0000000040)='/usr/lib/telepathy/mission-control-5\x00', 0x25, 0x0)
perf_event_open(&(0x7f0000000000)={0x2, 0x80, 0x67, 0x0, 0x0, 0x0, 0x0, 0x5, 0x18000, 0xc, 0x0, 0x0, 0x0, 0x0, 0x0, 0x0, 0x0, 0x0, 0x0, 0x0, 0x0, 0x0, 0x0, 0x0, 0x0, 0x0, 0x0, 0x0, 0x0, 0x0, 0x0, 0x0, 0x0, 0x0, 0x0, 0x0, 0x0, 0x0, 0x0, 0x0, 0x0, 0x0, 0x0, 0x0, 0x0, 0x0, 0x0, 0x0, 0x2000009, 0x2, @perf_config_ext={0xfffffffffffff6fd, 0xc0000000}, 0xe880, 0x1, 0xfffffffe}, 0x0, 0xffffffffffffffff, 0xffffffffffffffff, 0x0)
semop(r1, &(0x7f0000000100)=[{0x2, 0x8, 0x1800}], 0x1)
inotify_init1(0x0)
sendmmsg$inet(r0, &(0x7f0000000680)=[{{&(0x7f0000000040)={0x2, 0x0, @remote}, 0x10, &(0x7f0000000140)=[{&(0x7f0000000200)="a9050000000074640000000000003552bde5c064c6", 0x15}, {&(0x7f00000000c0)="174640b6d80fb281ba60ccbb9d37e5", 0xf}], 0x2}}], 0x1, 0x8800)

9.930346144s ago: executing program 1 (id=36):
socket$nl_xfrm(0x10, 0x3, 0x6) (async)
r0 = socket$nl_xfrm(0x10, 0x3, 0x6)
openat$cdrom(0xffffffffffffff9c, &(0x7f0000000000), 0x800, 0x0) (async)
r1 = openat$cdrom(0xffffffffffffff9c, &(0x7f0000000000), 0x800, 0x0)
ioctl$CDROMPLAYTRKIND(r1, 0x5304, &(0x7f0000000040)={0x2, 0x7, 0x15, 0x1})
r2 = openat$sndseq(0xffffffffffffff9c, &(0x7f0000000cc0), 0x101040)
ioctl$SNDRV_SEQ_IOCTL_SET_PORT_INFO(r2, 0x40a85323, &(0x7f0000001100)={{0x6, 0xfb}, 'port0\x00', 0x30, 0x160018, 0x2, 0x9, 0x10000, 0x100, 0x7, 0x0, 0x8, 0x66}) (async)
ioctl$SNDRV_SEQ_IOCTL_SET_PORT_INFO(r2, 0x40a85323, &(0x7f0000001100)={{0x6, 0xfb}, 'port0\x00', 0x30, 0x160018, 0x2, 0x9, 0x10000, 0x100, 0x7, 0x0, 0x8, 0x66})
io_setup(0x4, &(0x7f0000000080)) (async)
io_setup(0x4, &(0x7f0000000080))
io_setup(0x3, &(0x7f0000000040))
io_setup(0x1, &(0x7f00000000c0))
io_setup(0x200, &(0x7f0000000100))
mkdirat(0xffffffffffffff9c, &(0x7f0000002040)='./file0\x00', 0x0)
socketpair$unix(0x1, 0x1, 0x0, &(0x7f00000005c0)={0xffffffffffffffff, <r3=>0xffffffffffffffff})
r4 = syz_clone(0x0, 0x0, 0x0, 0x0, 0x0, 0x0)
ptrace(0x10, r4)
perf_event_open(&(0x7f000001d000)={0x1, 0x80, 0x0, 0x0, 0x0, 0x0, 0x0, 0x7f, 0x0, 0x0, 0x0, 0x0, 0x0, 0x0, 0x0, 0x3, 0x0, 0x0, 0x0, 0x0, 0x0, 0x0, 0x0, 0x0, 0x0, 0x0, 0x0, 0x0, 0x0, 0x0, 0x0, 0x0, 0x0, 0x0, 0x0, 0x0, 0x0, 0x0, 0x0, 0x0, 0x0, 0x0, 0x0, 0x0, 0x0, 0x0, 0x0, 0x0, 0x0, 0x0, @perf_bp={0x0}}, 0x0, 0xffffffffffffffff, 0xffffffffffffffff, 0xa)
mount$bind(0x0, &(0x7f00000000c0)='./file0\x00', 0x0, 0x1000, 0x0)
ptrace$peeksig(0x4209, r4, 0x0, 0x0) (async)
ptrace$peeksig(0x4209, r4, 0x0, 0x0)
bind$unix(r3, &(0x7f0000000080)=@file={0x1, './file0\x00'}, 0x6e)
sendfile(0xffffffffffffffff, 0xffffffffffffffff, 0x0, 0x1007ffffe)
mknod$loop(&(0x7f0000000000)='./file0\x00', 0x100000000000600d, 0x0) (async)
mknod$loop(&(0x7f0000000000)='./file0\x00', 0x100000000000600d, 0x0)
r5 = creat(&(0x7f0000000140)='./file0\x00', 0x14e)
r6 = dup2(r5, r5)
ioctl$BLKTRACESTART(r6, 0x1274, 0x0)
ioctl$BLKTRACESTART(r6, 0x1274, 0x0)
syz_mount_image$msdos(&(0x7f0000000140), &(0x7f0000000180)='./file0\x00', 0x0, &(0x7f00000001c0), 0x1, 0x140, &(0x7f0000000200)="$eJzs27Fq21AUBuDj2m3ddvFcOgi6dDJtn6CluFAqaEnwkEwJOFnsYIgXJZMfJS8YCJ683ZAo2Imxhwy2IPq+RT/8CO4dpMMV6OjT2XAwnpyO/8+i3WhE60dkMW9EJ15FM0rTAABeknlKcZNSSm+n8e4qUkpVrwgA2DbzHwDqx/wHgPox/wGgfvYPDv/+zPPeXpa1I66nRb/ol9ey//0n733N7nWWd82Kot9c9N/KPnvav473D/33tf2b+PK57O+6X//ylf5DDLa/fQAAAKiFbraw9nzf7W7qy/To+8DK+b0VH1s72wYA8AyTi8vh8Wh0ci4IgrAIVb+ZgG1bPvRVrwQAAAAAAAAAAAAAANhkF78TVb1HAAAAAAAAAAAAAAAAAAAAAAAAAAAAAAAAAAAAAAAAAAAAWHUbAAD//0DvUik=") (async)
syz_mount_image$msdos(&(0x7f0000000140), &(0x7f0000000180)='./file0\x00', 0x0, &(0x7f00000001c0), 0x1, 0x140, &(0x7f0000000200)="$eJzs27Fq21AUBuDj2m3ddvFcOgi6dDJtn6CluFAqaEnwkEwJOFnsYIgXJZMfJS8YCJ683ZAo2Imxhwy2IPq+RT/8CO4dpMMV6OjT2XAwnpyO/8+i3WhE60dkMW9EJ15FM0rTAABeknlKcZNSSm+n8e4qUkpVrwgA2DbzHwDqx/wHgPox/wGgfvYPDv/+zPPeXpa1I66nRb/ol9ey//0n733N7nWWd82Kot9c9N/KPnvav473D/33tf2b+PK57O+6X//ylf5DDLa/fQAAAKiFbraw9nzf7W7qy/To+8DK+b0VH1s72wYA8AyTi8vh8Wh0ci4IgrAIVb+ZgG1bPvRVrwQAAAAAAAAAAAAAANhkF78TVb1HAAAAAAAAAAAAAAAAAAAAAAAAAAAAAAAAAAAAAAAAAAAAWHUbAAD//0DvUik=")
fcntl$getown(r0, 0x9) (async)
fcntl$getown(r0, 0x9)
mount(0x0, &(0x7f0000000100)='./file0\x00', &(0x7f0000000000)='configfs\x00', 0x0, 0x0)
socket$packet(0x11, 0x2, 0x300)
lchown(&(0x7f0000000240)='./file0\x00', 0x0, 0x0) (async)
lchown(&(0x7f0000000240)='./file0\x00', 0x0, 0x0)
io_setup(0x7, &(0x7f0000000140))
sendmsg$nl_xfrm(r0, &(0x7f0000000380)={0x0, 0x0, &(0x7f0000000040)={&(0x7f0000000180)=@newsa={0x138, 0x10, 0x421, 0x0, 0x0, {{@in=@private, @in=@remote, 0x0, 0x0, 0x0, 0x0, 0x0, 0x0, 0x0, 0x0, 0x0, 0xffffffffffffffff}, {@in6=@dev, 0x0, 0x32}, @in=@multicast1, {}, {}, {}, 0x0, 0x0, 0x2}, [@algo_comp={0x48, 0x3, {{'lzs\x00'}}}]}, 0x138}}, 0x0) (async)
sendmsg$nl_xfrm(r0, &(0x7f0000000380)={0x0, 0x0, &(0x7f0000000040)={&(0x7f0000000180)=@newsa={0x138, 0x10, 0x421, 0x0, 0x0, {{@in=@private, @in=@remote, 0x0, 0x0, 0x0, 0x0, 0x0, 0x0, 0x0, 0x0, 0x0, 0xffffffffffffffff}, {@in6=@dev, 0x0, 0x32}, @in=@multicast1, {}, {}, {}, 0x0, 0x0, 0x2}, [@algo_comp={0x48, 0x3, {{'lzs\x00'}}}]}, 0x138}}, 0x0)

9.911091768s ago: executing program 1 (id=37):
seccomp$SECCOMP_SET_MODE_FILTER_LISTENER(0x1, 0x0, &(0x7f00000001c0)={0x1, &(0x7f0000000080)=[{0x6, 0x0, 0x0, 0x7fff4000}]})
mkdir(&(0x7f0000632000)='./file0\x00', 0x0)
perf_event_open(&(0x7f0000001340)={0x1, 0x80, 0x0, 0x0, 0x0, 0x0, 0x0, 0x4, 0x0, 0x0, 0x0, 0x0, 0x0, 0x0, 0x0, 0x3, 0x0, 0x0, 0x0, 0x0, 0x0, 0x0, 0x0, 0x0, 0x0, 0x0, 0x0, 0x0, 0x0, 0x0, 0x0, 0x0, 0x0, 0x0, 0x0, 0x0, 0x0, 0x0, 0x0, 0x0, 0x4, 0x0, 0x400, 0x0, 0x0, 0x0, 0x0, 0x0, 0x0, 0x0, @perf_bp={0x0}}, 0x0, 0xffffffffffffffff, 0xffffffffffffffff, 0x0)
socket$nl_generic(0x10, 0x3, 0x10)
syz_genetlink_get_family_id$ethtool(0x0, 0xffffffffffffffff)
r0 = socket$packet(0x11, 0x2, 0x300)
ioctl$sock_SIOCGIFINDEX(r0, 0x8933, &(0x7f0000000180)={'lo\x00', <r1=>0x0})
r2 = socket$nl_generic(0x10, 0x3, 0x10)
r3 = syz_genetlink_get_family_id$ethtool(&(0x7f0000000140), 0xffffffffffffffff)
sendmsg$ETHTOOL_MSG_FEATURES_SET(r2, &(0x7f0000001b80)={0x0, 0x0, &(0x7f0000001b40)={&(0x7f0000000480)={0x84, r3, 0x1, 0x0, 0x0, {}, [@ETHTOOL_A_FEATURES_WANTED={0x64, 0x3, 0x0, 0x1, [@ETHTOOL_A_BITSET_BITS={0x60, 0x3, 0x0, 0x1, [{0x24, 0x1, 0x0, 0x1, [@ETHTOOL_A_BITSET_BIT_NAME={0x16, 0x2, './cgroup.cpu/syz0\x00'}, @ETHTOOL_A_BITSET_BIT_NAME={0x5, 0x2, '\x00'}]}, {0x30, 0x1, 0x0, 0x1, [@ETHTOOL_A_BITSET_BIT_VALUE={0x4}, @ETHTOOL_A_BITSET_BIT_VALUE={0x4}, @ETHTOOL_A_BITSET_BIT_INDEX={0x8, 0x1, 0x2}, @ETHTOOL_A_BITSET_BIT_NAME={0xb, 0x2, '){+}$!\x00'}, @ETHTOOL_A_BITSET_BIT_VALUE={0x4}, @ETHTOOL_A_BITSET_BIT_INDEX={0x8, 0x1, 0x680}, @ETHTOOL_A_BITSET_BIT_VALUE={0x4}]}, {0x8, 0x1, 0x0, 0x1, [@ETHTOOL_A_BITSET_BIT_VALUE={0x4}]}]}]}, @ETHTOOL_A_FEATURES_HEADER={0xc, 0x1, 0x0, 0x1, [@ETHTOOL_A_HEADER_DEV_INDEX={0x8, 0x1, r1}]}]}, 0x84}}, 0x0)
socketpair(0x1, 0x1, 0x0, 0x0)
shmat(0x0, &(0x7f0000ffc000/0x4000)=nil, 0xab13cb96090f6a25)
ioctl$SNDRV_SEQ_IOCTL_CREATE_QUEUE(0xffffffffffffffff, 0xc08c5332, &(0x7f0000000280)={0x0, 0x5, 0x0, 'queue0\x00'})
write$sndseq(0xffffffffffffffff, &(0x7f00000000c0)=[{0x0, 0x0, 0x0, 0x0, @time, {}, {}, @raw8={"a357b6b140cbb6215dd33459"}}], 0xfffffee4)
ioctl$SNDRV_SEQ_IOCTL_QUERY_NEXT_CLIENT(0xffffffffffffffff, 0xc0bc5351, &(0x7f00000001c0)={0x84, 0x2, 'client0\x00', 0x2, "09de6b237cedcb01", "21bb2f128725ea70d93c3d4ab0390c80d3015c1c639d04993378ac76d30e8d04", 0x6, 0x9})
mlock(&(0x7f0000ffa000/0x4000)=nil, 0x4000)
syz_mount_image$ext4(&(0x7f0000000000)='ext4\x00', &(0x7f0000000440)='./file0\x00', 0x40000, 0xfffffffffffffffe, 0x3, 0x0, &(0x7f0000000280))
mount$cgroup(0x0, &(0x7f00000001c0)='./file0\x00', &(0x7f0000000180), 0x0, &(0x7f0000000040)={[{@name}]})
syz_io_uring_setup(0x87, &(0x7f0000000080)={0x0, 0x4, 0x2, 0xfffd, 0x155}, 0x0, &(0x7f0000000100))
r4 = perf_event_open(&(0x7f0000000380)={0x5, 0x80, 0x0, 0x0, 0x0, 0x0, 0x0, 0x0, 0x0, 0x0, 0x0, 0x0, 0x0, 0x0, 0x0, 0x0, 0x0, 0x0, 0x0, 0x0, 0x0, 0x0, 0x0, 0x0, 0x0, 0x0, 0x0, 0x0, 0x0, 0x0, 0x0, 0x0, 0x0, 0x0, 0x0, 0x0, 0x0, 0x0, 0x0, 0x0, 0x0, 0x0, 0x0, 0x0, 0x0, 0x0, 0x0, 0x0, 0x0, 0x4, @perf_bp={0x0, 0x8}}, 0xffffffffffffffff, 0x0, 0xffffffffffffffff, 0x0)
ioctl$PERF_EVENT_IOC_DISABLE(r4, 0x2401, 0x0)
r5 = open(&(0x7f0000032ff8)='./file0\x00', 0x0, 0x0)
r6 = memfd_create(&(0x7f00000001c0)='\xb3', 0x0)
write$FUSE_DIRENT(r6, 0x0, 0x29)
move_mount(r5, &(0x7f0000000040)='./file0\x00', 0xffffffffffffff9c, 0x0, 0x66)
openat(0xffffffffffffff9c, &(0x7f0000000140)='./cgroup.cpu/cgroup.procs\x00', 0x2, 0x0)
perf_event_open(&(0x7f0000000200)={0x2, 0x80, 0x6f, 0x80, 0x0, 0x0, 0x0, 0x5, 0x0, 0x0, 0x0, 0x0, 0x0, 0x0, 0x0, 0x0, 0x0, 0x0, 0x0, 0x0, 0x0, 0x0, 0x0, 0x0, 0x0, 0x0, 0x0, 0x0, 0x0, 0x0, 0x0, 0x0, 0x0, 0x0, 0x0, 0x0, 0x0, 0x0, 0x0, 0x0, 0x0, 0x0, 0x0, 0x0, 0x0, 0x0, 0x0, 0x0, 0x0, 0x2, @perf_bp={0x0, 0x6}, 0x400, 0x0, 0x4, 0x0, 0xb6}, 0x0, 0xffffffffffffffff, 0xffffffffffffffff, 0x0)
mkdirat$cgroup_root(0xffffffffffffff9c, &(0x7f0000000000)='./cgroup.cpu/syz1\x00', 0x1ff)
r7 = openat$cgroup_root(0xffffffffffffff9c, 0x0, 0x200002, 0x0)
openat$cgroup_int(r7, &(0x7f0000000040)='cpuset.mems\x00', 0x2, 0x0)

8.816117927s ago: executing program 0 (id=47):
perf_event_open(&(0x7f000001d000)={0x1, 0x80, 0x0, 0x0, 0x0, 0x0, 0x0, 0x7f, 0x0, 0x0, 0x0, 0x0, 0x0, 0x0, 0x0, 0x3, 0x0, 0x0, 0x0, 0x0, 0x0, 0x0, 0x0, 0x0, 0x0, 0x0, 0x0, 0x0, 0x0, 0x0, 0x0, 0x0, 0x0, 0x0, 0x0, 0x0, 0x0, 0x0, 0x0, 0x0, 0x0, 0x0, 0x0, 0x0, 0x0, 0x0, 0x0, 0x0, 0x0, 0x0, @perf_bp={0x0}}, 0x0, 0xffffffffffffffff, 0xffffffffffffffff, 0x0)
socket$inet_tcp(0x2, 0x1, 0x0)
openat$fuse(0xffffffffffffff9c, 0x0, 0x2, 0x0)
msgget(0x2, 0x799)
r0 = semget$private(0x0, 0x3, 0x0)
semctl$SETALL(r0, 0x0, 0x11, &(0x7f0000000040))
semctl$GETPID(r0, 0x2, 0xb, 0x0)
r1 = open_tree(0xffffffffffffff9c, 0x0, 0x8101)
r2 = socket$inet_udp(0x2, 0x2, 0x0)
setsockopt$sock_int(r2, 0x1, 0x6, 0x0, 0x0)
move_mount(r1, &(0x7f0000000140)='.\x00', 0xffffffffffffff9c, 0x0, 0x0)
unshare(0x40000000)
perf_event_open(&(0x7f000001d000)={0x1, 0x80, 0x0, 0x0, 0x0, 0x0, 0x0, 0x41c1, 0x0, 0x0, 0x0, 0x0, 0x0, 0x0, 0x0, 0x1, 0x0, 0x0, 0x0, 0x0, 0x0, 0x0, 0x0, 0x0, 0x0, 0x0, 0x0, 0x0, 0x0, 0x0, 0x0, 0x0, 0x0, 0x0, 0x0, 0x0, 0x0, 0x0, 0x0, 0x0, 0x0, 0x0, 0x0, 0x0, 0x0, 0x0, 0x0, 0x0, 0x0, 0x0, @perf_bp={0x0}}, 0x0, 0xffffffffffffffff, 0xffffffffffffffff, 0x0)
r3 = io_uring_setup(0x450a, &(0x7f0000000200)={0x0, 0xf558, 0x8, 0x0, 0x57})
io_uring_register$IORING_REGISTER_BUFFERS(r3, 0x0, 0x0, 0x0)
r4 = syz_io_uring_setup(0x287e, 0x0, &(0x7f0000ee7000), &(0x7f0000000040))
munlockall()
syz_memcpy_off$IO_URING_METADATA_GENERIC(0x0, 0x40, 0x0, 0x0, 0x4)
io_uring_enter(r4, 0x450c, 0x0, 0x0, 0x0, 0x0)
r5 = socket$nl_generic(0x10, 0x3, 0x10)
prctl$PR_SET_SECCOMP(0x16, 0x2, &(0x7f0000000180)={0x1, &(0x7f0000000040)=[{0x200000000006, 0x0, 0x0, 0x7ffc0001}]})
read$ptp(0xffffffffffffffff, &(0x7f0000000000)=""/37, 0x25)
read$ptp(0xffffffffffffffff, &(0x7f0000000080)=""/152, 0x98)
unshare(0x2c020400)
getsockopt$sock_int(r5, 0x1, 0x8, 0x0, &(0x7f0000000340))
pread64(0xffffffffffffffff, &(0x7f0000000300)=""/127, 0x7f, 0x0)
perf_event_open(&(0x7f000001d000)={0x1, 0x80, 0x0, 0x0, 0x0, 0x0, 0x0, 0x20, 0x0, 0x0, 0x0, 0x0, 0x0, 0x0, 0x0, 0x1, 0x0, 0x0, 0x0, 0x0, 0x0, 0x0, 0x0, 0x0, 0x0, 0x0, 0x0, 0x0, 0x0, 0x0, 0x0, 0x0, 0x0, 0x0, 0x0, 0x0, 0x0, 0x0, 0x0, 0x0, 0x0, 0x0, 0x0, 0x0, 0x0, 0x0, 0x0, 0x0, 0x0, 0x0, @perf_bp={0x0}}, 0x0, 0xffffffffffffffff, 0xffffffffffffffff, 0x0)
socket(0x8000000010, 0x2, 0x0)
r6 = syz_open_dev$MSR(&(0x7f0000000000), 0x0, 0x0)
read$msr(r6, &(0x7f0000003680)=""/4096, 0x1000)

8.590735899s ago: executing program 3 (id=48):
perf_event_open(&(0x7f000001d000)={0x1, 0x80, 0x0, 0x0, 0x0, 0x0, 0x0, 0x7f, 0x0, 0x0, 0x0, 0x0, 0x0, 0x0, 0x0, 0x3, 0x0, 0x0, 0x0, 0x0, 0x0, 0x0, 0x0, 0x0, 0x0, 0x0, 0x0, 0x0, 0x0, 0x0, 0x0, 0x0, 0x0, 0x0, 0x0, 0x0, 0x0, 0x0, 0x0, 0x0, 0x0, 0x0, 0x0, 0x0, 0x0, 0x0, 0x0, 0x0, 0x0, 0x0, @perf_bp={0x0}}, 0x0, 0xffffffffffffffff, 0xffffffffffffffff, 0x0)
r0 = socket$inet(0x2, 0x6000000000000003, 0x6)
r1 = add_key$keyring(0x0, 0x0, 0x0, 0x0, 0xfffffffffffffffd)
prctl$PR_SET_SECCOMP(0x16, 0x2, 0x0)
perf_event_open(&(0x7f000001d000)={0x1, 0x80, 0x0, 0x0, 0x0, 0x0, 0x0, 0x7f, 0x0, 0x0, 0x0, 0x0, 0x0, 0x0, 0x0, 0x81, 0x0, 0x0, 0x0, 0x0, 0x0, 0x0, 0x0, 0x0, 0x0, 0x0, 0x0, 0x0, 0x0, 0x0, 0x0, 0x0, 0x0, 0x0, 0x0, 0x0, 0x0, 0x0, 0x0, 0x0, 0x0, 0x0, 0x0, 0x0, 0x0, 0x0, 0x0, 0x0, 0x0, 0x0, @perf_bp={0x0}}, 0x0, 0xffffffffffffffff, 0xffffffffffffffff, 0x0)
socketpair$unix(0x1, 0x2, 0x0, &(0x7f0000000180)={<r2=>0xffffffffffffffff})
ioctl$sock_SIOCETHTOOL(r2, 0x8946, &(0x7f0000000100)={'sit0\x00', &(0x7f0000000040)=@ethtool_ts_info})
r3 = socket$inet6(0xa, 0x2, 0x0)
setsockopt$inet6_int(r3, 0x29, 0x1000000000021, &(0x7f0000000040)=0x1, 0x4)
sendmsg$inet6(r3, 0x0, 0x0)
setsockopt$SO_ATTACH_FILTER(r3, 0x1, 0x1a, &(0x7f0000000080)={0x0, &(0x7f0000000040)}, 0x10)
perf_event_open(&(0x7f000001d000)={0x1, 0x80, 0x0, 0x0, 0x0, 0x0, 0x0, 0x41c1, 0x0, 0x0, 0x0, 0x0, 0x0, 0x0, 0x0, 0x3, 0x0, 0x0, 0x0, 0x0, 0x0, 0x0, 0x0, 0x0, 0x0, 0x0, 0x0, 0x0, 0x0, 0x0, 0x0, 0x0, 0x0, 0x0, 0x0, 0x0, 0x0, 0x0, 0x0, 0x0, 0x0, 0x0, 0x0, 0x0, 0x0, 0x0, 0x0, 0x0, 0x0, 0x0, @perf_bp={0x0}}, 0x0, 0xffffffffffffffff, 0xffffffffffffffff, 0x0)
request_key(0x0, 0x0, 0x0, r1)
keyctl$KEYCTL_RESTRICT_KEYRING(0x1d, 0x0, &(0x7f0000000080)='id_legacy\x00', &(0x7f00000000c0)=@keyring={'key_or_keyring:', r1})
r4 = socket(0x10, 0x3, 0x0)
setsockopt$netlink_NETLINK_TX_RING(r4, 0x10e, 0xc, &(0x7f0000000000)={0xffffffff}, 0x10)
write(r4, &(0x7f0000000240)="2400000016005f02510456d6b3e094d75eb95702ea036b2714f9f40700397cd55a87de9a", 0x24)
getitimer(0x1, &(0x7f0000001140))
r5 = openat$selinux_attr(0xffffffffffffff9c, &(0x7f0000000140)='/proc/thread-self/attr/current\x00', 0x2, 0x0)
write$selinux_attr(r5, &(0x7f0000000040)='system_u:object_r:devicekit_exec_t:s0\x00', 0x1b)
perf_event_open(&(0x7f000001d000)={0x1, 0x80, 0x2, 0x0, 0x0, 0x0, 0x0, 0x18a, 0x28, 0x0, 0x0, 0x0, 0x0, 0x0, 0x0, 0x0, 0x0, 0x0, 0x0, 0x0, 0x0, 0x0, 0x0, 0x0, 0x0, 0x0, 0x0, 0x0, 0x0, 0x0, 0x0, 0x0, 0x0, 0x0, 0x0, 0x0, 0x0, 0x0, 0x0, 0x0, 0x0, 0x0, 0x0, 0x0, 0x0, 0x0, 0x0, 0x0, 0x9, 0x0, @perf_config_ext={0x8e5, 0xfffffffffffffffa}, 0x0, 0x0, 0x0, 0x7}, 0x0, 0xffffffffffffffff, 0xffffffffffffffff, 0x9)
pipe(&(0x7f0000000040)={0xffffffffffffffff, <r6=>0xffffffffffffffff})
r7 = fcntl$dupfd(r6, 0x3, 0xffffffffffffffff)
write(r7, &(0x7f0000000100), 0xfffffe5d)
perf_event_open(&(0x7f000001d000)={0x1, 0x80, 0x0, 0x0, 0x0, 0x0, 0x0, 0x7f, 0x0, 0x0, 0x0, 0x0, 0x0, 0x0, 0x0, 0x3, 0x0, 0x0, 0x0, 0x0, 0x0, 0x0, 0x0, 0x0, 0x0, 0x0, 0x0, 0x0, 0x0, 0x0, 0x0, 0x0, 0x0, 0x0, 0x0, 0x0, 0x0, 0x0, 0x0, 0x0, 0x0, 0x0, 0x0, 0x0, 0x0, 0x0, 0x0, 0x0, 0x0, 0x0, @perf_bp={0x0}}, 0x0, 0xffffffffffffffff, 0xffffffffffffffff, 0x0)
io_setup(0x401, 0x0)
io_destroy(0x0)
move_pages(0x0, 0x219f, &(0x7f0000000040)=[&(0x7f0000392000/0x3000)=nil], &(0x7f00000000c0), &(0x7f0000000000)=[0x0, 0x0, 0x0, 0x0], 0x0)
sendto$inet(r0, 0x0, 0x0, 0x404c0c0, 0x0, 0x0)
sendto$inet(r0, &(0x7f0000000080), 0xfe7a, 0x0, &(0x7f00000001c0), 0x10)

8.084261725s ago: executing program 0 (id=51):
r0 = epoll_create1(0x80000)
r1 = openat$sysfs(0xffffffffffffff9c, &(0x7f0000000100)='/sys/power/pm_freeze_timeout', 0x400, 0x4)
ioctl$AUTOFS_DEV_IOCTL_FAIL(r1, 0xc0189377, &(0x7f0000000000)={{0x1, 0x1, 0x18, <r2=>r0, {0x10000, 0x6df213de}}, './file0\x00'})
write$vga_arbiter(r2, &(0x7f0000000040)=@other={'trylock', ' ', 'io+mem'}, 0xf)
epoll_ctl$EPOLL_CTL_ADD(r0, 0x1, r1, &(0x7f0000000180)={0x40002004})
perf_event_open(&(0x7f000001d000)={0x1, 0x80, 0x0, 0x0, 0x0, 0x0, 0x0, 0x81, 0xa0, 0x0, 0x0, 0x0, 0x0, 0x0, 0x0, 0x3, 0x0, 0x0, 0x0, 0x0, 0x0, 0x0, 0x0, 0x0, 0x0, 0x0, 0x0, 0x0, 0x0, 0x0, 0x0, 0x0, 0x0, 0x0, 0x0, 0x0, 0x0, 0x0, 0x0, 0x0, 0x0, 0x0, 0x0, 0x0, 0x0, 0x0, 0x0, 0x0, 0x0, 0x0, @perf_bp={0x0}}, 0x0, 0xffffffffffffffff, 0xffffffffffffffff, 0x0)
perf_event_open(&(0x7f000001d000)={0x1, 0x80, 0x0, 0x0, 0x0, 0x0, 0x0, 0x7f, 0x0, 0x0, 0x0, 0x0, 0x0, 0x0, 0x0, 0x3, 0x0, 0x0, 0x0, 0x0, 0x0, 0x0, 0x0, 0x0, 0x0, 0x0, 0x0, 0x0, 0x0, 0x0, 0x0, 0x0, 0x0, 0x0, 0x0, 0x0, 0x0, 0x0, 0x0, 0x0, 0x0, 0x0, 0x0, 0x0, 0x0, 0x0, 0x0, 0x0, 0x0, 0x0, @perf_bp={0x0}}, 0x0, 0xffffffffffffffff, 0xffffffffffffffff, 0x0)
sendmsg$NFULNL_MSG_CONFIG(0xffffffffffffffff, 0x0, 0x0)
r3 = openat$procfs(0xffffffffffffff9c, 0x0, 0x0, 0x0)
r4 = syz_init_net_socket$nl_generic(0x10, 0x3, 0x10)
r5 = syz_genetlink_get_family_id$netlbl_unlabel(&(0x7f0000000740), r4)
r6 = syz_init_net_socket$nl_generic(0x10, 0x3, 0x10)
sendmsg$NLBL_UNLABEL_C_STATICADD(r6, &(0x7f0000000580)={0x0, 0x0, &(0x7f00000004c0)={&(0x7f0000000400)=ANY=[@ANYBLOB="70d81700", @ANYRES16=r5, @ANYBLOB="29fc0000000000000000030000001400060076657468305f746f5f627269646765001400020020010000000000000000000000000002080004007f0000012400070073797374656d5f753a6f626a6563745f723a6574635f6d61696c5f743a73300008000500ac141400"], 0x70}}, 0x0)
pread64(r3, &(0x7f00000000c0)=""/132, 0x84, 0xbc)
ioctl$AUTOFS_IOC_CATATONIC(r3, 0x9362, 0x0)
r7 = socket$inet_udp(0x2, 0x2, 0x0)
connect$inet(r7, &(0x7f0000000480)={0x2, 0x0, @remote}, 0x10)
sendmmsg(r7, &(0x7f0000000180), 0x400000000000354, 0x2873dedf99c)

7.829120833s ago: executing program 0 (id=52):
r0 = syz_mount_image$ext4(&(0x7f0000000000)='ext4\x00', &(0x7f00000007c0)='./file0\x00', 0x4c0, &(0x7f0000000040), 0x1, 0x79f, &(0x7f0000000fc0)="$eJzs3c9rHOUbAPBnNkmTpv1+G0HQegoIGijdmBpbBQ8VDyJYLOjZNmy2oWaTLdlNaUJAiwheBBUPgl569ke9efXHtf0vPEhLtWmxxYNEZjPbbJLdNGm32bb5fGDa952ZzTPPvjvvvLMzzAawYw2m/+Qi9kfEZ0nEvmx+EhE9tVJ3xNHl9W4tLhTSKYmlpXf+Smrr3FxcKOxueE1qT1Z5OiJ+/TjiQG593Mrc/ORYqVScyerD1akzw5W5+YOnp8YmihPF6cMjo6OHjrx05HD7cv378vzeq5+/8fwPR//56KmLn/6WxNHYmy1L82hfpGWDMZi9Jz3pW7jK6+0O1mFJpzeAe5Luml3Le3nsj33RVSsBAI+zDyJiCQDYYRLHfwDYYerfA9xcXCjUp85+I7G9rr0WEX3L+devby4v6c6u2fXVroP230xWXRlJImKgDfEHI+Kbn977Lp3iAV2HBGjmw/MRcXJgcH3/n6y7Z2GrXtjEOoNr6vo/2D4/p+Ofl5uN/3J3xj/RZPzT22TfvRd33/9zV9oQpqV0/Pdqw71ttxryzwx0ZbX/1cZ8Pcmp06Vi2rf9PyKGoqc3rY9sEGPoxr83zrdY1jj+u/7F+9+m8dP/V9bIXenuXf2a8bHq2H0l3eDa+YhnupvlX+//+2onCc3Gv8c3GePNVz75utWyNP8039p0aXeT/B+spQsRzzVt/5U72pIN708crn0chusfiiZ+/P2r/lbxG9s/ndL49XOB7ZC2f//G+Q8kjfdrVrYe49KFfb+0WjZ459vnVvk3//zvSt6tlXdl886NVaszIxG7krfWzz+08tp6vb5+mv/Qs833/3r/lzT5/KfnhCc3mX/31T+/XzPr+kr+nW//8S21/9pCkrRclBUu3prsahX/7vmn7T9aKw1lczbT/22wOasK9/PeAQAAAAAAAAAAAAAAAAAAAAAAAMBm5SJibyS5/J1yLpfPL/+G95PRnyuVK9UDp8qz0+NR+63sgejJZY+6rD2Vsf481JHsefj1+qE19Rcj4omI+LJ3d62eL5RL451OHgAAAAAAAAAAAAAAAAAAAAAAAAAAAAAAAAAAAAAAAAAye1r8/n/qj97bS8s6vZUAQNv1dXoDAIBt5/gPADuP4z8A7DyO/wCw81zKdXoLAIDtdm/n/71t3w4AAAAAAAAAAAAAAAAAAAAAAAAAAAAAAAAAAAAAAAAAAAAAAAAAAAAAAAAAAAAAAAAAAAAeW8ePHUunpduLC4W0Pn52bnayfPbgeLEymZ+aLeQL5Zkz+YlyeaJUzBfKU3f7e6Vy+cxoTM+eG64WK9Xhytz8iany7HT1xOmpsYniiWLPtmQFAAAAAAAAAAAAAAAAAAAAAAAAAAAAAAAAAAAAAAAAAFtTmZufHCuVijP3X8hFRNNF3e2PpfCwFdJGfgg24xEo9HQy+uW3N7tyhzsmAAAAAAAAAAAAAAAAAAAAAAAAAAAAAAAAAAAAAAAAAAAAAAAAAAAAAAAAAAAAAAAAAAAAAAAAAAAAAAAAAAAAAAAAAAAAAAAAAAAAAAAAAAAAAAAAAAAAAAAAAAAAAAAAAAAAAAAAAAAAAAAAAAAAAAAAAAAAAAAAAAAAAAAAAAAAAAAAAAAAAAAAAAAAAAAAAAAAAAAAAAAAAAAAAAAAAAAAAAAAAAAAAAAAAAAAAAAAAAAAAAAAAAAAAAAAAAAAAAAAAAAAAAAAAAAAAAAAAAAAAAAAAAAAAAAAAAAAAAAAAAAAAAAAAAAAAAAAAAAAAAAAAAAAAAAAAAAAAAAAAAAAAAAAAAAAAAAAAAAAAAAAAAAAAAAAAAAAAAAAAAAAAAAAAAAAAAAAAAAAAAAAAAAAAAAAAAAAAAAAAAAAAAAAAAAAAAAAAAAAAAAAAAAAAAAAAAAAAAAAAAAAAAAAAAAAAAAAAAAAAAAAAAAAAAAAAAAAAAAAAAAAAAAAAAAAAAAAAAAAAAAAAAAAAAAAAAAAAAAAAAAAAAAAAAAAAAAAAAAAAAAAAAAAAAAAAAAAAAAAAAAAAAAAAAAAAAAAAAAAAAAAAAAAAAAAAAAAAAAAAAAAAAAAAAAAAAAAAAAAAAAAAAAAAAAAAAAAAAAAAAAAAAAAAAAAAAAAAAAAAAAAAAAAAAAAAAAAAAAAAAAAAAAAAAAAAAAAAAAAAAAAAAAAAAAAAAAAAAAAAAAAAAAAAAAAAAAAAAAAAAAAAAAAAAAAAAAAAAAAAAAAAAAAAAAAAAAAAAAAAAAAAAAAAAAAAAAAAAAAAAAAAAAAAAAAAAAAAAAAAAAAAAAAAAAAAAAAAAAAAAAAAAAAAAAAAAAAAAAAAAAAAAAAAAAAAAAAAAAAAAAAAAAAAAAAAAAAAAAAAAAAAAAAAAAAAAAAAAAAAAAAAAAAAAAAAAAAAAAAAAAAAAAAAAAAAAAAAAAAAAAAAAAAAAAAAAAAAAAAAAAAAAAAAAAAAAAAAAAAAAAAAAAAAAAAAAAAAAAAAAAAAAAAAAAAAAAAAAAAAAAAAAAAAAAAAAAAAAAAAAAAAAAAAAAAAAAAAAAAAAAAAAAAAAAAAAAAAAAAAAAAAAAAAAAAAAAAAAAAgEfEfwEAAP//pGgyfA==")
arch_prctl$ARCH_GET_UNTAG_MASK(0x4001, &(0x7f0000000080))
chdir(0x0)
perf_event_open(&(0x7f000001d000)={0x1, 0x80, 0x0, 0x0, 0x0, 0x0, 0x0, 0x41c1, 0x12a00, 0x0, 0x9aa, 0x0, 0x0, 0x0, 0x0, 0x3, 0x0, 0x0, 0x0, 0x80, 0x0, 0x0, 0x0, 0x0, 0x0, 0x0, 0x0, 0x0, 0x0, 0x0, 0x0, 0x0, 0x0, 0x0, 0x0, 0x0, 0x0, 0x0, 0x0, 0x0, 0x0, 0x0, 0x0, 0x0, 0x0, 0x0, 0x0, 0x0, 0x0, 0x0, @perf_bp={&(0x7f0000000100), 0xe}, 0x0, 0x4000000000, 0x0, 0x0, 0x714, 0x0, 0x3, 0x0, 0x3}, 0x0, 0xdffffbffffffffff, 0xffffffffffffffff, 0x0)
syz_mount_image$ext4(&(0x7f0000000180)='ext4\x00', &(0x7f00000000c0)='./file0\x00', 0xa04710, &(0x7f0000000240)={[{@dioread_nolock}, {@grpquota}, {@grpquota}, {@noauto_da_alloc}, {@mblk_io_submit}, {@errors_continue}, {@usrjquota}]}, 0x1, 0x43a, &(0x7f00000008c0)="$eJzs27tvHMUfAPDv7tnJ75eXTQiPmACGgLB42LETIAUNCCQKkJCgCKWxncjkEqPYSCSywCAUShSJHlEi8RdQQYOACokWehQpAjcJVEa7t+ucLz7Hj3MuZD8fae2Z27mb+d7s3M7u3AVQWYPZnyRiT0T8FhF9jezKAoONf9cW5yf+XpyfSGJp6c0/k7zc1cX5ibJo+bzdRWYojUg/TYpKVpo9f+H0eL0+da7Ij8ydeW9k9vyFZ6bPjJ+aOjV1duz48WNHR59/buzZjsSZxXV14MOZQwdfffvS6xMnLr3z0zdZe/cU+5vj6JTBLPC/lnKt+x7vdGVdtrcpnfR0sSFsSC0isu7qzcd/X9Tieuf1xSufdLVxwLbKzk072+9eWALuYEl0uwVAd5Qn+uz6t9xu0dTjtnDlxcYFUBb3tWJr7OmJtCjT23J920mDEXFi4Z8vsy226T4EAECz77L5z9Orzf/SuLep3L5iDaU/Iu6KiP0RcXdEHIiIeyLysvdFxP0brL91aejG+U96eVOBrVM2/3uhWNtaOf8rZ3/RXytye/P4e5OT0/WpI8V7MhS9O7P86Bp1fP/yr5+329c8/8u2rP5yLli043JPyw26yfG58XxS2gFXPo4Y6Fkt/mR5JSCJiIMRMbCxl95XJqaf/PpQu0I3j38NHVhnWvoq4olG/y9ES/ylZO31yZH/RX3qyEh5VNzo518uvtGu/i3F3wFZ/+9aefy3FulPmtdrZzdex8XfP2t7TbPZ439H8lbeLzuKxz4Yn5s7NxqxI3ktz694fOz6c8t8WT6Lf+jw6uN/f/GcrJ4HIiI7iB+MiIci4uGi7Y9ExKMRcXiN+H986bF3Nx//9srin1z182/5+G/p/40naqd/+LZd/evr/2N5aqh4JP/8u4n1NnAr7x0AAAD8V6T5d+CTdHg5nabDw43v8B+IXWl9ZnbuqZMz75+dbHxXvj960/JOV1/T/dDRZKF4xUZ+rLhXXO4/Wtw3/qL2/zw/PDFTn+xy7FB1u9uM/8wftW63Dth2fq8F1dU6/tMutQO49Zz/obqMf6gu4x+qa7Xx/1FL3loA3Jmc/6G6jH+oLuMfqsv4h0rayu/6JaqciPS2aIbENiW6/ckEAAAAAAAAAAAAAAAAAAAAAAAAAAAAAAAAAAAAAAAAAAAAAAAAAAAAAAAAAAAAAAAAAAAAAAAAAAAAAAAAAAAAAAAAAAAAAAAAAAAAAAAAAAAAAAAAAAAAAAAAAAAAAAAAAAAAAAAAAAAAAAAAAAAAAAAAAAAAAAAAAAAAAAAAAAAAAAAAAAAAAAAAAAAAAAAAAAAAAAAAAAAAAAAAAAAAAAAAAAAAAAAAAAAAAAAAAAAAAAAAAAAAAAAAAAAAAAAAAAAAAAAAAAAAAAAAAAAAAAAAAAAAAAAAAAAAAAAAAAAAAADQGf8GAAD//1lN7YU=")
chdir(&(0x7f0000000040)='./file0\x00')
r1 = openat(0xffffffffffffff9c, &(0x7f0000000640)='.\x00', 0x0, 0x0)
renameat2(r1, &(0x7f0000000000)='./bus\x00', r1, &(0x7f0000000200)='./bus\x00', 0x4)
r2 = open(&(0x7f0000007f80)='./bus\x00', 0x145142, 0x169)
r3 = syz_open_dev$tty1(0xc, 0x4, 0x1)
writev(r3, &(0x7f0000003640)=[{&(0x7f0000000440)="a7c24547ebdb27bb72e8b223905c7c7b6fcb77c394e79f6a809275fd5f32f545ff6624cc250d150f1988f56032411b0af6dcfa8eac8b163640599c55126f3388926e7c4ddf3ddfd3e6637b9080ce5ae3a89c577b5f95345fb92db44ada7a0a7f4b844e18cf5a8af9d25388011b2b8c82ffed8925f8a674a7c156dca4", 0x7c}], 0x1)
fsetxattr$trusted_overlay_redirect(r0, 0x0, &(0x7f0000000140)='./bus\x00', 0x6, 0x3)
ftruncate(r2, 0x2007ffb)
open(&(0x7f0000000000)='./bus\x00', 0x60142, 0x0)
setsockopt$sock_int(0xffffffffffffffff, 0x1, 0x1a, &(0x7f0000000000), 0x4)

7.719409394s ago: executing program 0 (id=53):
r0 = syz_open_dev$tty20(0xc, 0x4, 0x1) (async)
sigaltstack(&(0x7f0000000000)={&(0x7f0000000280)=""/4096, 0x0, 0x1000}, 0x0) (async, rerun: 32)
r1 = socket$igmp(0x2, 0x3, 0x2) (rerun: 32)
ioctl$SIOCGETSGCNT_IN6(r1, 0x89e1, 0x0) (async)
socket$inet6_tcp(0xa, 0x1, 0x0) (async)
ioctl$TIOCSTI(r0, 0x5412, &(0x7f0000000000)=0x7e)

7.718230527s ago: executing program 3 (id=54):
prlimit64(0x0, 0xe, &(0x7f0000000140)={0x8, 0x8b}, 0x0)
sched_setscheduler(0x0, 0x1, &(0x7f0000000080)=0x7)
r0 = getpid()
sched_setscheduler(r0, 0x2, &(0x7f0000000200)=0x4)
r1 = syz_mount_image$ext4(&(0x7f00000004c0)='ext4\x00', &(0x7f0000000500)='./bus\x00', 0x0, &(0x7f0000000240), 0x21, 0x4a6, &(0x7f0000000a40)="$eJzs3cFPG9kZAPBvBgiEkEDaHNqqbdI0bVpFscFJUJRTemlVRZGqRj31kFBwEMLGCJs00BzI/1CpkXpq/4QeKvVQKae97233tpfsYaXsbrSrsNIevJqxIYRgYDcES/j3k55m3jzj7z2sec98gF8APetcRKxFxLGIuBcRo+3rSbvEzVbJHvfyxaPp9RePppNoNu98luTt2bXY8jWZE+3nHIqIP/4u4i/Jm3HrK6vzU5VKealdLzaqi8X6yurluerUbHm2vFAqTU5Mjl+/cq10YGM9W/3P89/O3frT///3k2fvr/36b1m3RtptW8dxkFpDH9iMk+mPiFvvIlgX9LXHc6zbHeE7SSPiexFxPr//R6MvfzUBgKOs2RyN5ujWOgBw1KV5DixJC+1cwEikaaHQyuGdieG0Uqs3Lt2vLS/MtHJlYzGQ3p+rlMfbucKxGEiy+kR+/qpe2la/EhGnI+Lvg8fzemG6Vpnp5hsfAOhhJ7at/18OttZ/AOCIG+p2BwCAQ2f9B4DeY/0HgN5j/QeA3mP9B4DeY/0HgN5j/QeAnvKH27ez0lxvf/71zIOV5fnag8sz5fp8obo8XZiuLS0WZmu12fwze6p7PV+lVlucuBrLD4uNcr1RrK+s3q3Wlhcad/PP9b5bHjiUUQEAuzl99umHSUSs3Tiel9iyl4O1Go62tNsdALqmr9sdALrGbl/Qu/yMD+ywRe9rOv6J0JOD7wtwOC7+UP4fepX8P/Qu+X/oXfL/0LuazcSe/wDQY+T4Ab//BwAAAAAAAAAAAAAAAAAAAAAAAAAAAAAAgG9vJC9JWmjvBT4SaVooRJyMiLEYSO7PVcrjEXEqIj4YHBjM6hPd7jQA8JbST5L2/l8XRy+MbG89lnw1mB8j4q//vPOPh1ONxtJEdv3zzeuNJ+3rpW70HwDYy8Y6vbGOb3j54tH0RjnM/jz/TWtz0Szueru0WvqjPz8OxUBEDH+RtOst2fuVvgOIv/Y4In6w0/iTPDcy1t75dHv8LPbJQ42fvhY/zdtax+x78f0D6Av0mqfZ/HNzp/svjXP5cef7fyifod7exvy3/sb8l27Of30d5r9z+41x9b3fd2x7HPGj/p3iJ5vxkw7xL+wz/kc//un5Tm3Nf0VcjJ3jb41VbFQXi/WV1ctz1anZ8mx5oVSanJgcv37lWqmY56iLG5nqN31649Kp3cY/3CH+0B7j/8U+x//vr+/9+We7xP/Vz3d+/c/sEj9bE3+5z/hTw//tuH13Fn+mw/j3ev0v7TP+s49XZ/b5UADgENRXVuenKpXykhMnTpxsnnR7ZgLetVc3fbd7AgAAAAAAAAAAAAAAdHIY/07U7TECAAAAAAAAAAAAAAAAAAAAAAAAAAAAAAAAAAAAAAAAAAAAAAAAAAAAAAAAAAAAAAAAAAAAAAAAAAAAAAAAAAAAAAAAAAAAAAAAAAAAAAAAAAAAAAAAAAAAAAAAAAAAAAAAAAAAAAAAAAAAAAAAAAAAAAAAAAAAAAAAAAAAAAAAAAAAAAAAAAAAAAAAAAAAAAAAAAAAAAAAAAAAAAAAAAAAAAAAAAAAAABwdH0TAAD//yyP2UE=")
mmap(&(0x7f0000000000/0xb36000)=nil, 0xb36000, 0xb635773f06ebbeee, 0x8031, 0xffffffffffffffff, 0x0)
socketpair$unix(0x1, 0x2, 0x0, &(0x7f0000000200)={<r2=>0xffffffffffffffff, <r3=>0xffffffffffffffff})
sched_setaffinity(0x0, 0x8, &(0x7f0000000280)=0x2)
connect$unix(r2, &(0x7f000057eff8)=@abs, 0x6e)
sendmmsg$unix(r3, &(0x7f00000bd000), 0x318, 0x0)
recvmmsg(r2, &(0x7f00000000c0), 0x10106, 0x2, 0x0)
r4 = gettid()
sched_setaffinity(r4, 0x8, &(0x7f0000000400)=0x4)
r5 = gettid()
sched_setaffinity(r5, 0x8, &(0x7f0000000400))
sched_setscheduler(r5, 0x2, 0x0)
sched_setaffinity(0x0, 0x8, &(0x7f0000000840)=0x2)
getsockopt$sock_cred(r3, 0x1, 0x11, &(0x7f0000000100), &(0x7f0000000180)=0xc)
stat(&(0x7f0000005280)='./bus\x00', &(0x7f00000052c0))
syz_mount_image$fuse(0x0, &(0x7f00000016c0)='./bus\x00', 0x0, 0x0, 0x0, 0x0, 0x0)
prlimit64(0x0, 0x0, &(0x7f00000000c0)={0x7}, 0x0)
mkdirat(0xffffffffffffff9c, &(0x7f0000000040)='./bus/file0\x00', 0x0)
ioctl$BTRFS_IOC_SNAP_DESTROY(r1, 0x5000940f, 0x0)
ioctl$sock_FIOGETOWN(r3, 0x8903, &(0x7f0000001680))
stat(&(0x7f0000000240)='./bus/file0\x00', &(0x7f0000002380))
openat$sndseq(0xffffffffffffff9c, &(0x7f0000000000), 0x101a81)
pselect6(0x40, &(0x7f0000000080)={0x6, 0x58ff, 0x4, 0xff, 0x1, 0x0, 0x200, 0x1}, &(0x7f00000000c0)={0x8, 0x6, 0x3, 0x1, 0x5, 0x7, 0x2, 0x9}, 0x0, 0x0, 0x0)
lstat(&(0x7f00000001c0)='./bus\x00', &(0x7f0000000440))
setxattr(&(0x7f0000000340)='./bus/file0\x00', &(0x7f0000000400)=@known='security.apparmor\x00', &(0x7f00000003c0)='overlay\x00', 0xe407, 0x0)
rmdir(&(0x7f0000000000)='./bus/file0\x00')

7.717488223s ago: executing program 0 (id=55):
r0 = socket$nl_generic(0x10, 0x3, 0x10)
sendmsg$TIPC_NL_BEARER_ENABLE(r0, &(0x7f0000000140)={&(0x7f0000000000)={0x10, 0x0, 0x0, 0x20000}, 0xc, &(0x7f0000000100)={&(0x7f0000000040)={0x50, 0x0, 0x10, 0x70bd27, 0x25dfdbfe, {}, [@TIPC_NLA_MON={0x3c, 0x9, 0x0, 0x1, [@TIPC_NLA_MON_REF={0x8}, @TIPC_NLA_MON_REF={0x8, 0x2, 0x9}, @TIPC_NLA_MON_ACTIVATION_THRESHOLD={0x8}, @TIPC_NLA_MON_ACTIVATION_THRESHOLD={0x8, 0x1, 0xb}, @TIPC_NLA_MON_ACTIVATION_THRESHOLD={0x8, 0x1, 0xffff7fff}, @TIPC_NLA_MON_REF={0x8, 0x2, 0x3ff}, @TIPC_NLA_MON_ACTIVATION_THRESHOLD={0x8, 0x1, 0xf8be}]}]}, 0x50}, 0x1, 0x0, 0x0, 0x24000014}, 0x4040080)
perf_event_open(&(0x7f000001d000)={0x1, 0x80, 0x0, 0x0, 0x0, 0x0, 0x0, 0x7f, 0x0, 0x0, 0x0, 0x0, 0x0, 0x0, 0x0, 0x3, 0x0, 0x0, 0x0, 0x0, 0x0, 0x0, 0x0, 0x0, 0x0, 0x0, 0x0, 0x0, 0x0, 0x0, 0x0, 0x0, 0x0, 0x0, 0x0, 0x0, 0x0, 0x0, 0x0, 0x0, 0x0, 0x0, 0x0, 0x0, 0x0, 0x0, 0x0, 0x0, 0x0, 0x0, @perf_bp={0x0}}, 0x0, 0xffffffffffffffff, 0xffffffffffffffff, 0x0)
perf_event_open(&(0x7f0000000200)={0x2, 0x80, 0x70, 0x0, 0x0, 0x0, 0x0, 0x5, 0x0, 0x0, 0x0, 0x0, 0x0, 0x0, 0x0, 0x0, 0x0, 0x0, 0x0, 0x0, 0x0, 0x0, 0x0, 0x0, 0x0, 0x0, 0x0, 0x0, 0x0, 0x0, 0x0, 0x0, 0x0, 0x0, 0x0, 0x0, 0x0, 0x0, 0x0, 0x0, 0x0, 0x0, 0x0, 0x0, 0x0, 0x0, 0x0, 0x0, 0x0, 0x2, @perf_bp={0x0}, 0x400}, 0x0, 0x0, 0xffffffffffffffff, 0x0)
ioctl$sock_ipv6_tunnel_SIOCADDTUNNEL(0xffffffffffffffff, 0x89f1, 0x0)
pipe(&(0x7f00000000c0))
syz_mount_image$ext4(&(0x7f0000000440)='ext4\x00', &(0x7f0000000180)='./file1\x00', 0x0, &(0x7f00000001c0), 0xfd, 0x421, &(0x7f0000000900)="$eJzs28tvG8UfAPDvrpP29+uDhFIeLQUMBRHxSJq0QA9cQCBxAAkJDuUYkrQKdRvUBIlWEQSEyhFV4o44IvEXcIILAk5IXOGOKlUolxZORmvvJq5jhzycurCfj7TtjHecma9nx56dsQMorWr2TxKxLyJ+jYihZvbmAtXmfzeWF6f+XF6cSqJef+OPpFHu+vLiVFG0eN7ePDOSRqSfJG1/sGn+4qWzk7XazIU8P7Zw7t2x+YuXnp49N3lm5szM+YmTJ08cH3/u2YlnehJnFtf1wx/MHTn0yltXXps6deXtH7/OmrUvP98aR69Uo9op9IbHel1Zn+1vSScDfWwIm1KJiKy7Bhvjfygqsdp5Q/Hyx31tHLCj6vV6fXf300t14D8siX63AOiP4oM+u/8tjls09bgtXHuheQOUxX0jP5pnBiLNywy23d/2UjUiTi399UV2xA6tQwAAtPo2m/881Wn+l8Y9LeXuyPdQhiPizog4EBF3RcTBiLg7olH23oi4b5P1V9vya+c/6dUtBbZB2fzv+Xxv6+b5XzH7i+FKntvfiH8wOT1bmzmWvyYjMbg7y4+vU8d3L/3yWbdzrfO/7MjqL+aCeTuuDrQt0E1PLkxuJ+ZW1z6KODzQKf5kZScgiYhDEXF4i3XMPvHVkW7n/jn+dfRgn6n+ZcTjzf5firb4C8n6+5Nj/4vazLGx4qpY66efL7/erf5txd8DWf/v6Xj9r8Q/nLTu185vvo7Lv33a9Z5mq9f/ruTNRnpX/tj7kwsLF8YjdiWvrn18YvW5Rb4on8U/crTz+D8Qq6/E/RGRXcQPRMSDEfFQ3vaHI+KRiDi6Tvw/vPjoO1uPf2dl8U9vqv83n6ic/f6bbvVvrP9PNFIj+SMbef/baAO389oBAADAv0Xa+A58ko6upNN0dLT5Hf6DsSetzc0vPHl67r3z083vyg/HYFqsdA21rIeO52vDRX6iLX88Xzf+vPL/Rn50aq423e/goeT2dhn/md8r/W4dsOP8XgvKy/iH8jL+obyMfygv4x/Kq9P4/7AP7QBuPZ//UF7GP5SX8Q/lZfxDKW3nd/0SZU5Eels0Q2KHEv1+ZwIAAAAAAAAAAAAAAAAAAAAAAAAAAAAAAAAAAAAAAAAAAAAAAAAAAAAAAAAAAAAAAAAAAAAAAAAAAAAAAAAAAAAAAAAAAAAAAAAAAAAAAAAAAAAAAAAAAAAAAAAAAAAAAAAAAAAAAAAAAAAAAAAAAAAAAAAAAAAAAAAAAAAAAAAAAAAAAAAAAAAAAAAAAAAAAAAAAAAAAAAAAAAAAAAAAAAAAAAAAAAAAAAAAAAAAAAAAAAAAAAAAAAAAAAAAAAAAAAAAAAAAAAAAAAAAAAAAAAAAAAAAAAAAAAAAAAAAAAAAAAAAOiNvwMAAP//8HXmZw==")
mkdir(&(0x7f0000000240)='./bus\x00', 0x0)
r1 = open$dir(&(0x7f00000000c0)='./bus\x00', 0x0, 0x0)
ioctl$FS_IOC_SET_ENCRYPTION_POLICY(r1, 0x40086607, 0x0)

7.149452419s ago: executing program 2 (id=57):
mkdirat(0xffffffffffffff9c, &(0x7f0000002040)='./file0\x00', 0x0)
set_mempolicy(0x3, &(0x7f0000000080)=0xc03, 0xc9a)
set_mempolicy(0x3, &(0x7f0000000100)=0xfc, 0x10000)
mmap(&(0x7f0000000000/0xff5000)=nil, 0xff5000, 0x2, 0x5c831, 0xffffffffffffffff, 0x0)
io_setup(0x7, &(0x7f0000000000)) (async)
io_setup(0x7, &(0x7f0000000000))
mkdirat(0xffffffffffffff9c, &(0x7f0000002040)='./file0\x00', 0x0) (async)
mkdirat(0xffffffffffffff9c, &(0x7f0000002040)='./file0\x00', 0x0)
r0 = openat$fuse(0xffffffffffffff9c, &(0x7f00000001c0), 0x42, 0x0)
mount$fuse(0x0, &(0x7f00000020c0)='./file0\x00', &(0x7f0000002100), 0x0, &(0x7f0000002140)={{'fd', 0x3d, r0}, 0x2c, {'rootmode', 0x3d, 0x4000}}) (async)
mount$fuse(0x0, &(0x7f00000020c0)='./file0\x00', &(0x7f0000002100), 0x0, &(0x7f0000002140)={{'fd', 0x3d, r0}, 0x2c, {'rootmode', 0x3d, 0x4000}})
syz_clone(0x0, 0x0, 0x0, 0x0, 0x0, 0x0) (async)
r1 = syz_clone(0x0, 0x0, 0x0, 0x0, 0x0, 0x0)
ptrace(0x10, r1) (async)
ptrace(0x10, r1)
r2 = dup2(r0, r0)
r3 = syz_io_uring_setup(0x3ede, &(0x7f0000000240)={0x0, 0x0, 0x80, 0x0, 0x0, 0x0, r2}, &(0x7f0000ffa000), &(0x7f0000ffd000))
io_uring_enter(r3, 0x2c, 0x0, 0x0, 0x0, 0x700)
pipe(&(0x7f00000000c0)={<r4=>0xffffffffffffffff, <r5=>0xffffffffffffffff})
r6 = socket$inet_udp(0x2, 0x2, 0x0)
close(r6) (async)
close(r6)
r7 = socket$inet6(0x10, 0x3, 0x0)
socket$unix(0x1, 0x0, 0x0)
sendto$inet6(r7, &(0x7f0000000140)="1ba0000016001d0d89fdc5cbdd045798707bed4dca141a780f0f8e", 0xff7f, 0x0, 0x0, 0x0)
recvfrom$inet6(r7, &(0x7f0000000000)=""/60, 0x3c, 0x0, 0x0, 0x0) (async)
recvfrom$inet6(r7, &(0x7f0000000000)=""/60, 0x3c, 0x0, 0x0, 0x0)
openat$procfs(0xffffffffffffff9c, &(0x7f0000000000)='/proc/meminfo\x00', 0x0, 0x0)
writev(0xffffffffffffffff, &(0x7f00000003c0)=[{&(0x7f0000000000)="480500001400", 0x6}], 0x1)
r8 = socket$inet6_tcp(0xa, 0x1, 0x0)
setsockopt$inet6_tcp_TCP_REPAIR_WINDOW(0xffffffffffffffff, 0x6, 0x1d, &(0x7f00000000c0)={0x6, 0x1}, 0x14)
setsockopt$inet6_tcp_int(r8, 0x6, 0x1e, &(0x7f0000000040)=0x1000000a, 0x4) (async)
setsockopt$inet6_tcp_int(r8, 0x6, 0x1e, &(0x7f0000000040)=0x1000000a, 0x4)
write$binfmt_misc(r5, &(0x7f0000000000)=ANY=[], 0xfffffecc) (async)
write$binfmt_misc(r5, &(0x7f0000000000)=ANY=[], 0xfffffecc)
splice(r4, 0x0, r6, 0x0, 0x200000000e26a, 0x0)

7.016158369s ago: executing program 2 (id=58):
r0 = syz_open_dev$loop(&(0x7f0000000140), 0x0, 0x0)
socket$unix(0x1, 0x5, 0x0)
r1 = socket$nl_xfrm(0x10, 0x3, 0x6)
perf_event_open(&(0x7f0000000200)={0x2, 0x80, 0x6f, 0x0, 0x0, 0x0, 0x0, 0x5, 0xa, 0x0, 0x0, 0x0, 0x0, 0x0, 0x0, 0x0, 0x0, 0x0, 0x0, 0x0, 0x0, 0x0, 0x0, 0x0, 0x0, 0x0, 0x0, 0x0, 0x0, 0x0, 0x0, 0x0, 0x0, 0x0, 0x0, 0x0, 0x0, 0x0, 0x0, 0x0, 0x0, 0x0, 0x0, 0x0, 0x0, 0x0, 0x0, 0x0, 0x0, 0x2, @perf_bp={0x0}, 0x400, 0x0, 0x6, 0x8}, 0x0, 0x0, 0xffffffffffffffff, 0x0)
socket$nl_xfrm(0x10, 0x3, 0x6)
syz_open_procfs(0x0, 0x0)
r2 = socket$inet6_tcp(0xa, 0x1, 0x0)
r3 = syz_clone(0x0, 0x0, 0x0, 0x0, 0x0, 0x0)
fcntl$setown(r2, 0x8, r3)
bind$inet6(r2, &(0x7f0000000000)={0xa, 0x8000002, 0x0, @empty}, 0x1c)
sendto$inet6(r2, 0x0, 0x1e, 0x2200c851, &(0x7f0000b63fe4)={0xa, 0x2, 0x0, @loopback}, 0x1c)
sendto$inet6(r2, &(0x7f0000000080)="44f9b108b1cd", 0x6, 0x20000841, 0x0, 0x0)
sendmsg$nl_xfrm(r1, &(0x7f0000004000)={0x0, 0x0, &(0x7f0000004ff0)={&(0x7f0000001980)=ANY=[@ANYBLOB="581100001a0001000000000000000000000000000000000000000000000000000000000000000000000000000000000100"/64, @ANYRES32=0x0, @ANYRES32=0x0, @ANYBLOB="000000000000000000000000000000000000000033000000e000000200000000000000000000000000000000000000000000000000000000000000000000000000000000000000000000000000000000000000000000000000000000000000000000000000000000000000000000000000000000000000000000000000000000000000000000000000000000000000000000000000000000000000000a00000000000000000000001c0017000000000000000000000000000000000000000000000000004c101400686d61632873686132353629000000000000000000000000000000000000000000000000000000000000000000000000000000000000000000000000000000000080"], 0x1158}, 0x1, 0x0, 0x0, 0x40}, 0x0)
ioctl$BLKFLSBUF(r0, 0x1261, 0x0)
r4 = socket$inet(0x2, 0x4000000000000001, 0x0)
bind$inet(r4, &(0x7f0000000080)={0x2, 0x4e23, @multicast1}, 0x10)
setsockopt$SO_ATTACH_FILTER(r4, 0x1, 0x1a, &(0x7f0000000140)={0x1, &(0x7f0000000280)=[{0x6, 0x0, 0x0, 0xe4}]}, 0x10)
sendto$inet(r4, 0x0, 0x0, 0x200007bd, &(0x7f0000e68000)={0x2, 0x4e23, @empty}, 0x10)
sendto$inet(r4, &(0x7f0000001340)="433979ff559928ef32b21dc4b4a0e3755c2cce0db0bf034ddb16acba55f23e7bc900fb01452630f8098e782a319244b50a4487d750fb8463578c6a22341c664314d85cd1e7c348ecea4bc15a28d2b856c06303d210a860fb668ee62de2b6fdbfdbf3cce111942cd2072731ddc0e819662de5db049031b55aed6a6cb748b1926025dc61b20e5eb86a715245bc88ebd09228b425f870d9e671ab01e028d632ff15084991e8e6688b51989e3156bd6fea1ffd71d11fcf308b3bda8203ebd4dc05a5c562d9d1c7", 0xc5, 0x0, 0x0, 0x0)
sendto$inet(r4, &(0x7f00000012c0)='\t', 0x1, 0x11, 0x0, 0x0)
recvfrom$inet(r4, &(0x7f0000000180)=""/203, 0xcb, 0x0, 0x0, 0x0)
close(r4)
ioctl$SNDRV_SEQ_IOCTL_QUERY_NEXT_PORT(0xffffffffffffffff, 0xc0a85352, &(0x7f0000000040)={{0x8, 0x9}, 'port1\x00', 0x12, 0x10c02, 0x7, 0x4, 0x6, 0xfffffffb, 0x82, 0x0, 0x4, 0xfe})

7.015404086s ago: executing program 0 (id=59):
r0 = socket$inet6_udp(0xa, 0x2, 0x0)
setsockopt$inet6_IPV6_RTHDRDSTOPTS(r0, 0x29, 0x37, &(0x7f0000000080), 0x8)
setsockopt$inet6_opts(r0, 0x29, 0x39, &(0x7f0000000000)=@srh={0x0, 0x0, 0x4, 0x0, 0x1}, 0x8)
sendmsg$netlink(0xffffffffffffffff, &(0x7f0000000940)={0x0, 0x0, &(0x7f0000007c80)=[{&(0x7f00000000c0)={0x14, 0x1a, 0x103, 0x0, 0x0, "", [@generic="01"]}, 0x14}], 0x1}, 0x0)
prctl$PR_SET_SECCOMP(0x16, 0x2, &(0x7f0000000180)={0x1, &(0x7f0000000040)=[{0x200000000006, 0x0, 0x9, 0x7ffc0001}]})
sysinfo(0x0)
prctl$PR_SET_SECCOMP(0x16, 0x2, &(0x7f0000000040)={0x1, &(0x7f0000000180)=[{0x200000000006, 0x0, 0x0, 0x7ffc0004}]})
setgid(0xffffffffffffffff)
perf_event_open(&(0x7f000001d000)={0x1, 0x80, 0x0, 0x0, 0x0, 0x0, 0x0, 0x7f, 0x0, 0x0, 0x0, 0x0, 0x0, 0x0, 0x0, 0x3, 0x0, 0x0, 0x0, 0x0, 0x0, 0x0, 0x0, 0x0, 0x0, 0x0, 0x0, 0x0, 0x0, 0x0, 0x0, 0x0, 0x0, 0x0, 0x0, 0x0, 0x0, 0x0, 0x0, 0x0, 0x0, 0x0, 0x0, 0x0, 0x0, 0x0, 0x0, 0x0, 0x0, 0x0, @perf_bp={0x0}}, 0x0, 0xffffffffffffffff, 0xffffffffffffffff, 0x0)
getgroups(0x2, &(0x7f0000000d40)=[0x0, 0x0])
syz_mount_image$vfat(&(0x7f0000000000), &(0x7f0000001240)='./file0\x00', 0x14552, &(0x7f00000006c0)=ANY=[@ANYBLOB="00e789da34e04a1ffbc2f05c070000000100000000000000b684f5c7ffff00000000000067e77dc70b90bbb45efd97899a16f2df4fa2a8f06ac2c535f630259450a58e69d9b047389f672eb3080000000000000065890d2d0d1b8d3d62f6d77b0283e166e2ca4c35483d4d31d6bf7da9299e6e81c96daf520300a16cab12d75a852b3e4470420877efbec0ff16cca5c680017e15f9b683e63cfff7c638b3a835b33bc18c4ed0351cd285197b0241569048b5b416ba1c57217be5a338392f831637ee8c35bb2183634a33b18c4b455ab222d70600000000006651be493328a803d1b56126efec0225a5433883b7a3bf4375a979c88ac0915f2178bf985c1aecd0d8eeb0d17cb21dbfd886caf2624ed505da0ef9893ef57c79a182dceca9c46a9f8b151e53b29c0c698ed30d8942e94ac0895c22b6400000002b2c604ed73249e80f08bfdcebee7a07856a3a23e0907f3dc0eb52c40f6b21c14832dd9845ee8d8733b53acf9b2e840713cba86d43a570ee3589b7e900"/387, @ANYBLOB="66c0f6fd4a3cc222d9c3619de5e71146588c6509aa4eee0e17d2530ddb75769facaeaa229d5273631b00df181dfe5320a49f580e7c1c8f168469f3ce8b12cb174f6e4a112ceb548706e42c41a8170bfdb12ae2e71367444f704fc41872071b87edbca5c6835ba9e6ba2c2744a53b58fffbeed7f27c9d9f447ac6f3461c0c5ba22767fea1b82b73fbe8459e3cab6d1d85b51bd5a4be30193f3671b5ac81b2efe700dd6bc44c80d33e87d553b5937bd24612da90f0a26e6a58e0c94cb6c546130e010f388c83788beea31ce4fc58e8f2e410780860d7754f98868d5fc86b744c55aadbb25ee7ede532b0a0390255b70cc86a32"], 0xfd, 0x11ea, &(0x7f0000001280)="$eJzs3EGLW1UUB/DTsbUxdSaj1moL4kU3unk0s3CjmyBTkAaUaSO0gpA6LxjyTEJeGIiI1ZVbt34FcelOEHe6mY2fwd1sXEkX4hMTtTMlKio00+H32+TAvX84N4HAvbz7Dl759L1Br8x63WmsnToVa+OIdCdFirX4w0fx4svffvfMtRs3r7ba7e2dlK60rjdfSiltPPv1Wx988dw303Nvfrnx1dnY33z74MetH/Yv7F88+OX6u/0y9cs0HE1TN90ajabdW0WedvvlIEvpjSLvlnnqD8t8cmS8V4zG41nqDnfX6+NJXpapO5ylQT5L01GaTmY/1SL6w5RlWVqvB/9H5/M7VVVFVNWZeDiqqqoeiXqci0djPTaiEZvxWDweT8T5eDIuxFPxdFycz1p13wAAAAAAAAAAAAAAAAAAAHCyuP8PAAAAAAAAAAAAAAAAAAAAq3ftxs2rrXZ7eyelWkTxyV5nr7P4XIy3etGPIvK4HGfi55jf/l9Y1Fdea29fTnOb8XFx+/f87b3OQ0fzzfnrBJbmm4t8Opo/G/XD+a1oxPnl+a2l+Vq88PyhfBaN+P6dGEURu/Fb9m7+w2ZKr77evid/aT4PAAAAToIs/Wnp/j3L/mp8kT90PtD4h/OBe/bXp+PS6dWunYhy9v6gWxT5RPF3xWc7i6/ruPSj+G9F7Xi08SAUq/5n4n64+6OvuhMAAAAAAAAAAAD+jfvxOOGq1wgAAAAAAAAAAAAAAAAAAAAAAAAAAAAAAAAAAAAAAAAAAAAAAAAAAAAAAAAAAAAAAAAAAAAAAAAAAAAAAAAAAAAAAAAAAAAAAAAAAAAAAAAAAAAAAAAAAAAAAAAAAAAAAAAAAAAAAAAAAAAAAAAAAAAAAAAAAAAAAAAAAAAAAAAAAAAAAAAAAAAAAAAAAAAAAAAAAAAAAAAAAAAAAAAAAAAAAAAAAAAAAAAAAAAAAAAAAAAAAAAAAAAAAAAAAAAAAAAAAAAAAAAAAAAAAAAAAAAAAAAAAAAAAAAAAAAAAAAAAAAAAAAAAAAAAAAAAAAAAAAAAAAAAAAAAAAAAAAAAAAAAAAAAAAAAAAAAAAAAAAAAAAAAAAAAAAAAAAAAAAAAAAAAAAAAAAAAAAAAAAAAAAAAAAAAAAAAAAAAAAAAAAAAAAAAAAAAAAAAAAAAAAAAAAAAAAAAAAAAAAAAAAAAAAAAAAAAAAAAAAAAAAAAAAAAAAAAAAAAAAAAAAAAAAAAAAAAAAAAAAAAAAAAAAAAAAAAAAAAAAAAAAAAAAAAAAAAAAAAAAAAAAAAAAAAAAAAAAAAAAAAAAAAAAAAAAAAAAAAAAAAAAAAAAAAAAAAAAAAAAAAAAAAAAAAAAAAAAAAAAAAAAAAAAAAAAAAAAAAAAAAAAAAAAAAAAAAAAAAAAAAAAAAAAAAAAAAAAAAAAAAAAAAAAAAAAAAAAAAAAAAAAAAAAAAAAAAAAAAAAAAAAAAAAAAAAAAAAAAAAAAAAAAAAAAAAAAAAAAAAAAAAAAAAAAAAAAAAAAAAAAAAAAAAAAAAAAAAAAAAAAAAAAAAAAAAAAAAAAAAAAAAAAAAAAAAAAAAAAAAAAAAAAAAAAAAAAAAAAAAAAAAAAAAAAAAAAAAAAAAAAAAAAAAAAAAAAAAAAAAAAAAAAAAAAAAAAAAAAAAAAAAAAAAAAAAAAAAAAAAAAAAAAAAAAAAAAAAAAAAAAAAAAAAAAAAAAAAAAAAAAAAAAAAAAAAAAAAAAAAAAAAAAAAAAAAAAAAAAAAAAAAAAAAAAAAAAAAAAAAAAAAAAAAAAAAAAAAAAAAAAAAAAAAAAAAAAAAAAAAAAAAAAAAAAAAAAAAAAAAAAAAAAAAAAAAAAAAAAAAAAAAAAAAAAAAAAAAAAAAAAAAAAAAAAAAAAAAAAAAAAAAAAAAAAAAAAAAAAAAAAAAAAAAAAAAAAAAAAAAAAAAAAAAAAAAAAAAAAAAAAAAAAAAAAAAAAAAAAAAAAAAAAAAAAAAAAAAAAAAAAAAAAAAAAAAAAAAAAAAAAAAAAAAAAAAAAAAAAAAAAAAAAAAAAAAAAAAAAAAAAAAAAAAAAAAAAAAAAAAAAAAAAAAAAAAAAAAAAAAAAAAAAAAAAAAAAAAAAAAAAAAAAAAAAAAAAAAAAAAAAAAAAAAAAAAAAAAAAAAAAAAAAAAAAAAAAAAAAAAAAAAAAAAAAAAAAAAAAAAAAAAAAAAAAAAAAAAAAAAAAAAAAAAAAAAAAAAAAAAAAAAAAAAAAAAAAAAAAAAAAAAAAAAAAAAAAAAAAAAAAAAAAAAAAAAAAAAAAAAAAAAAAAAAAAAAAAAAAAAAAAAAAAAAAAAAAAAAAAAAAAAAAAAAAAAAAAAAAAAAAAAAAAAAAAAAAAAAAAAAAAAAAAAAAAAAAAAAAAAAAAAAAAAAAAAAAAAAAAAAAAAAAAAAAAAAAAAAAAAAAAAAAAAAAAAAAAAAAAAAAAAAAAAAAAAAAAAAAAAAAAAAAAAAAAAAAAAAAAAAAAAAAAAAAAAAAAAAAAAAAAAAAAAAAAAAAAAAAAAAAAAAAAAAAAAAAAAAAAAAAAAAAAAAAAAAAAAAAAAAAAAAAAAAAAAAAAAAAAAAAAAAAAAAAAAAAAAAAAAAAAAAAAAAAAAAAAAAAAAAAAAAAAAAAAAAAAAAAAAAAAAAAAAAAAAAAAAAAAAAAAAAAAAAAAAAAAAAAAAAAAAAAAAAAAAAAAAAAAAAAAAAAAAAAAAAAAAAAAAAAAAAAAAAAAAAAAAAAAAAAAAAAAAAAAAAAAAAAAAAAAAAAAAAAAAAAAAAAAAAAAAAAAAAAAAAAAAAAAAAAAAAAAAAAAAAAAAAAAAAAAAAAAAAAAAAAAAAAAAAAAAAAAAAAAAAAAAAAAAAAAAAAAAAAAAAAAAAAAAAAAAAAAAAAAAAAAAAAAAAAAAAAAAAAAAAAAAAAAAAAAAAAAAAAAAAAAAAAAAAAAAAAAAAAAAAAAAAAAAAAAAAAAAAAAAAAAAAAAAAAAAAAAAAAAAAAAAAAAAAAAAAAAAAAAAAAAAAAAAAAAAAAAAAAAAAAAAAAAAAAAAAAAAAAAAAAAAAAAAAAAAAAAAAAAAAAAAAAAAAAAAAAAAAAAAAAAAAAAAAAAAAAAAAAAAAAAAAAAAAAAAAAAAAAAAAAAAAAAAAAAAAAAAAAAAAAAAAAAAAAAAAAAAAAAAAAAAAAAAAAAAAAAAAAAAAAAAAAAAAAAAAAAAAAAAAAAAAAAAAAAAAAAAAAAAAAAAAAAAAAAAAAAAAAAAAAAAAAAAAAAAAAAAAAAAAAAAAAAAAAAAAAAAAAAAAAAAAAAAAAAAAAAAAAAAAAAAAAAAAAAAAAAAAAAAAAAAAAAAAAAAAAAAAAAAAAAAAAAAAAAAAAAAAAAAAAAAAAAAAAAAAAAAAAAAAAAAAAAAAAAAAAAAAAAAAAAAAAAAAAAAAAAAAAAAAAAAAAAAAAAAAAAAAAAAAAAAAAAAAAAAAAAAAAAAAAAAAAAAAAAAAAAAAAAAAAAAAAAAAAAAAAAAAAAAAAAAAAAAAAAAAAAAAAAAAAAAAAAAAAAAAAAAAAAAAAAAAAAAAAAAAAAAAAAAAAAAAAAAAAAAAAAAAAAAAAAAAAAAAAAAAAAAAAAAAAAAAAAAAAAAAAAAAAAAAAAAAAAAAAAAAAAAAAAAAAAAAAAAAAAAAAAAAAAAAAAAAAAAAAAAAAAAAAAAAAAAAAAAAAAAAAAAAAAAAAAAAAAAAAAAAAAAAAAAAAAAAAAAAAAAAAAAAAAAAAAAAAAAAAAAAAAAAAAAAAAAAAAAAAAAAAAAAAAAAAAAAAAAAAAAAAAAAAAAAAAAAAAAAAAAAAAAAAAAAAAAAAAAAAAAAAAAAAAAAAAAAAAAAAAAAAAAAAAAAAAAAAAAAAAAAAAAAAAAAAAAAAAAAAAAAAAAAAAAAAAAAAAAAAAAAAAAAAAAAAAAAAAAAAAAAAAAAAAAAAAAAAAAAAAAAAAAAAAAAAAAAAAAAAAAAAAAAAAAAAAAAAAAAAAAAAAAAAAAAAAAAAAAAAAAAAAAAAAAAAAAAAAAAAAAAAAAAAAAAAAAAAAAAAAAAAAAAAAAAAAAAAAAAAAAAAAAAAAAAAAAAAAAAAAAAAAAAAAAAAAAAAAAAAAAAAAAAAAAAAAAAAAAAAAAAAAAAAAAAAAAAAAAAAAAAAAAAAAAAAAAAAAAAAAAAAAAAAAAAAAAAAAAAAAAAAAAAAAAAAAAAAAAAAAAAAAAAAAAAAAAAAAAAAAAAAAAAAAAAAAAAAAAAAAAAAAAAAAAAAAAAAAAAAAAAAAAAAAAAAAAAAAAAAAAAAAAAAAAAAAAAAAAAAAAAAAAAAAAAAAAAAAAAAAAAAAAAAAAAAAAAAAAAAAAAAAAAAAAAAAAAAAAAAAAAAAAAAAAAAAAAAAAAAAAAAAAAAAAAAAAAAAAAAAAAAAAAAAAAAAAAAAAAAAAAAAAAAAAAAAAAAAAAAAAAAAAAAAAAAAAAAAAAAAAAAAAAAAAAAAAAAAAAAAAAAAAAAAAAAAAAAAAAAAAAAAAAAAAAAAAAAAAAAAAAAAAAAAAAAAAAAAAAAAAAAAAAAAAAAAAAAAAAAAAAAAAAAAAAAAAAAAAAAAAAAAAAAAAAAAAAAAAAAAAAAAAAAAAAAAAAAAAAAAAAAAAAAAAAAAAAAAAAAAAAAAAAAAAAAAAAAAAAAAAAAAAAAAAAAAAAAAAAAAAAAAAAAAAAAAAAAAAAAAAAAAAAAAAAAAAAAAAAAAAAAAAAAAAAAAAAAAAAAAAAAAAAAAAAAAAAAAAAAAAAAAAAAAAAAAAAAAAAAAAAAAAAAAAAAAAAAAAAAAAAAAAAAAAAAAAAAAAAAAAAAAAAAAAAAAAAAAAAAAAAAAAAAAAAAAAAAAAAAAAAAAAAAAAAAAAAAAAAAAAAAAAAAAAAAAAAAAAAAAAAAAAAAAAAAAAAAAAAAAAAAAAAAAAAAAAAAAAAAAAAAAAAAAAAAAAAAAAAAAAAAAAAAAAAAAAAAAAAAAAAAAAAAAAAAAAAAAAAAAAAAAAAAAAAAAAAAAAAAAAAAAAAAAAAAAAAAAAAAAAAAAAAAAAAAAAAAAAAAAAAAAAAAAAAAAAAAAAAAAAAAAAAAAAAAAAAAAAAAAAAAAAAAAAAAAAAAAAAAAAAAAAAAAAAAAAAAAAAAAAAAAAAAAAAAAAAAAAAAAAAAAAAAAAAAAAAAAAAAAAAAAAAAAAAAAAAAAAAAAAAAAAAAAAAAAAAAAAAAAAAAAAAAAAAAAAAAAAAAAAAAAAAAAAAAAAAAAAAAAAAAAAAAAAAAAAAAAAAAAAAAAAAAAAAAAAAAAAAAAAAAAAAAAAAAAAAAAAAAAAAAAAAAAAAAAAAAAAAAAAAAAAAAAAAAAAAAAAAAAAAAAAAAAAAAAAAAAAAAAAAAAAAAAAAAAAAAAAAAAAAAAAAAAAAAAAAAAAAAAAAAAAAAAAAAAAAAAAAAAAAAAAAAAAAAAAAAAAAAAAAAAAAAAAAAAAAAAAAAAAAAAAAAAAAAAAAAAAAAAAAAAAAAAAAAAAAAAAAAAAAAAAAAAAAAAAAAAAAAAAAAAAAAAAAAAAAAAAAAAAAAAAAAAAAAAAAAAAAAAAAAAAAAAAAAAAAAAAAAAAAAAAAAAAAAAAAAAAAAAAAAAAAAAAAAAAAAAAAAAAAAAAAAAAAAAAAAAAAAAAAAAAAAAAAAAAAAAAAAAAAAAAAAAAAAAAAAAAAAAAAAAAAAAAAAAAAAAAAAAAAAAAAAAAAAAAAAAAAAAAAAAAAAAAAAAAAAAAAAAAAAAAAAAAAAAAAAAAAAAAAAAAAAAAAAAAAAAAAAAAAAAAAAAAAAAAAAAAAAAAAAAAAAAAAAAAAAAAAAAAAAAAAAAAAAAAAAAAAAAAAAAAAAAAAAAAAAAAAAAAAAAAAAAAAAAAAAAAAAAAAAAAAAAAAAAAAAAAAAAAAAAAAAAAAAAAAAAAAAAAAAAAAAAAAv7IDxwIAAAAAwvyt0+jYAAAAAAAAAAAAAAAAAAAAAAAAAAAAAAAAAAAAAAAAAAAAAAAAAAAAAAAAAAAAAAAAAAAAAAAAAAAAAAAAgK8CAAD//7lL0lY=")
openat$cgroup_ro(0xffffffffffffff9c, &(0x7f0000000040)='freezer.self_freezing\x00', 0x275a, 0x0)
openat$cgroup_ro(0xffffffffffffff9c, &(0x7f0000000040)='memory.events\x00', 0x275a, 0x0)
openat$cgroup_ro(0xffffffffffffff9c, &(0x7f0000000000)='blkio.throttle.io_serviced_recursive\x00', 0x275a, 0x0)

6.9872356s ago: executing program 2 (id=60):
socket$inet6_tcp(0xa, 0x1, 0x0) (async)
perf_event_open(&(0x7f0000000200)={0x2, 0x80, 0x6f, 0x0, 0x0, 0x0, 0x0, 0x5, 0x0, 0x0, 0x0, 0x0, 0x0, 0x0, 0x0, 0x0, 0x0, 0x0, 0x0, 0x0, 0x0, 0x0, 0x0, 0x0, 0x0, 0x0, 0x0, 0x0, 0x0, 0x0, 0x0, 0x0, 0x0, 0x0, 0x0, 0x0, 0x0, 0x0, 0x0, 0x0, 0x0, 0x0, 0x0, 0x0, 0x0, 0x0, 0x0, 0x0, 0x0, 0x1, @perf_bp={0x0}, 0x400, 0x0, 0x6, 0x8}, 0x0, 0x0, 0xffffffffffffffff, 0x0) (async)
sendmsg$nl_xfrm(0xffffffffffffffff, 0x0, 0x0) (async)
socket$nl_generic(0x10, 0x3, 0x10) (async)
socket$inet_udplite(0x2, 0x2, 0x88) (async)
socket$inet(0x2, 0x3, 0x8d)
perf_event_open(&(0x7f000001d000)={0x1, 0x80, 0x0, 0x0, 0x0, 0x0, 0x0, 0x7f, 0x0, 0xc, 0x0, 0x0, 0x0, 0x0, 0x0, 0x3, 0x0, 0x0, 0x0, 0x0, 0x0, 0x0, 0x0, 0x0, 0x0, 0x0, 0x0, 0x0, 0x0, 0x0, 0x0, 0x0, 0x0, 0x0, 0x0, 0x0, 0x0, 0x0, 0x0, 0x0, 0x0, 0x0, 0x0, 0x0, 0x0, 0x0, 0x0, 0x0, 0x0, 0x4, @perf_bp={0x0}}, 0x0, 0xffffffffffffffff, 0xffffffffffffffff, 0x0)
r0 = syz_open_dev$sg(&(0x7f00000001c0), 0x0, 0x0)
ioctl$SG_BLKTRACETEARDOWN(r0, 0x1276, 0x0) (async)
ioctl$SG_SET_DEBUG(r0, 0x227e, 0x0) (async)
sendmsg$nl_xfrm(0xffffffffffffffff, &(0x7f0000000180)={0x0, 0x0, 0x0}, 0x0) (async)
ioctl$SG_BLKTRACESETUP(r0, 0xc0481273, &(0x7f0000000080)={'\x00', 0x3, 0x6b, 0x4ed, 0x5, 0x5}) (async)
socket$inet6(0xa, 0x2, 0x0) (async)
socket$nl_generic(0x10, 0x3, 0x10)
r1 = syz_clone(0x0, 0x0, 0x0, 0x0, 0x0, 0x0)
sendmsg$netlink(0xffffffffffffffff, &(0x7f0000000140)={0x0, 0x0, 0x0}, 0x0) (async)
getdents(0xffffffffffffffff, &(0x7f00000000c0)=""/117, 0x75)
mkdir(&(0x7f00000002c0)='./file0\x00', 0x0) (async)
mount(0x0, 0x0, &(0x7f0000000040)='cgroup2\x00', 0x0, 0x0) (async)
r2 = add_key(&(0x7f0000000100)='keyring\x00', 0x0, 0x0, 0x0, 0xfffffffffffffffe)
add_key(0x0, 0x0, 0x0, 0x0, r2) (async)
setxattr$security_capability(0x0, 0x0, 0x0, 0x0, 0x0)
lgetxattr(&(0x7f0000000000)='./file0\x00', 0x0, 0x0, 0x0)
ptrace$pokeuser(0x6, r1, 0x368, 0xffffffffffffffff)
syz_genetlink_get_family_id$ethtool(&(0x7f0000000040), 0xffffffffffffffff)
socket$nl_generic(0x10, 0x3, 0x10) (async)
r3 = socket$inet6_tcp(0xa, 0x1, 0x0)
setsockopt$inet6_tcp_int(r3, 0x6, 0x13, 0x0, 0x0)
lsetxattr$system_posix_acl(&(0x7f0000000000)='.\x00', &(0x7f0000000040)='system.posix_acl_default\x00', 0x0, 0x0, 0x0) (async)
lsetxattr$system_posix_acl(0x0, 0x0, 0x0, 0x0, 0x0)

6.936697172s ago: executing program 2 (id=61):
r0 = socket$unix(0x1, 0x1, 0x0)
setsockopt$sock_int(r0, 0x1, 0x10, 0x0, 0x0)
bind$unix(0xffffffffffffffff, &(0x7f0000000000)=@file={0x1, '\xe9\x1fq\x89Y\x1e\x923aK\x00'}, 0x6e)
timer_create(0x0, &(0x7f0000000140)={0x0, 0x21, 0x0, @thr={0x0, 0x0}}, &(0x7f0000000100))
timer_settime(0x0, 0x0, &(0x7f000006b000)={{0x0, 0x8}, {0x0, 0x9}}, 0x0)
r1 = socket$inet_tcp(0x2, 0x1, 0x0)
setsockopt$inet_tcp_int(r1, 0x6, 0x19, &(0x7f00000001c0)=0x3, 0x4)
connect$inet(r1, &(0x7f0000000080)={0x2, 0x0, @empty}, 0x10)
shutdown(r1, 0x1)
listen(0xffffffffffffffff, 0x0)
mkdir(&(0x7f0000000000)='./file1\x00', 0x0)
mount$fuse(0x0, 0x0, 0x0, 0x0, &(0x7f0000000400)=ANY=[@ANYBLOB='fd=', @ANYRESHEX=0x0])
mount(0x0, &(0x7f0000000380)='./file1\x00', &(0x7f0000000040)='autofs\x00', 0x0, &(0x7f0000000400))
chdir(&(0x7f0000000140)='./file1\x00')
pipe(&(0x7f0000000100)={0xffffffffffffffff, <r2=>0xffffffffffffffff})
open(&(0x7f0000000000)='.\x00', 0x0, 0x0)
dup3(0xffffffffffffffff, r2, 0x0)
ioctl$AUTOFS_DEV_IOCTL_ISMOUNTPOINT(r2, 0x9362, 0x0)
r3 = open(&(0x7f0000000000)='.\x00', 0x0, 0x86)
ioctl$AUTOFS_DEV_IOCTL_READY(r3, 0x9362, 0x0)
connect$unix(r0, &(0x7f0000000140)=@file={0x1, '\xe9\x1fq\x89Y\x1e\x923aK\x00'}, 0x6e)
r4 = accept(0xffffffffffffffff, 0x0, 0x0)
sendto$inet6(r4, &(0x7f0000000080)="fa0f", 0x2, 0x0, 0x0, 0x0)
recvmmsg(r0, &(0x7f0000003140), 0x0, 0x0, 0x0)
socket$nl_generic(0x10, 0x3, 0x10)
syz_genetlink_get_family_id$nl80211(&(0x7f0000000e00), 0xffffffffffffffff)
r5 = socket$inet(0x2, 0x4000000000000001, 0x0)
setsockopt$inet_tcp_int(r5, 0x6, 0x80000000000002, &(0x7f00000000c0)=0xfa, 0x4)
bind$inet(r5, &(0x7f0000000080)={0x2, 0x4e23, @multicast1}, 0x10)

6.816295988s ago: executing program 3 (id=62):
perf_event_open(&(0x7f000001d000)={0x1, 0x80, 0x0, 0x0, 0x0, 0x0, 0x0, 0x7f, 0x0, 0x0, 0x0, 0x0, 0x0, 0x0, 0x0, 0x3, 0x0, 0x0, 0x0, 0x0, 0x0, 0x0, 0x0, 0x0, 0x0, 0x0, 0x0, 0x0, 0x0, 0x0, 0x0, 0x0, 0x0, 0x0, 0x0, 0x0, 0x0, 0x0, 0x0, 0x0, 0x0, 0x0, 0x0, 0x0, 0x0, 0x0, 0x0, 0x0, 0x0, 0x0, @perf_config_ext={0xffff, 0x8000000000000000}}, 0x0, 0xffffffffffffffff, 0xffffffffffffffff, 0x0)
sendmsg$IPSET_CMD_CREATE(0xffffffffffffffff, 0x0, 0x20000000)
r0 = socket$igmp(0x2, 0x3, 0x2)
setsockopt$MRT_TABLE(r0, 0x0, 0xd0, 0x0, 0x0)
openat$selinux_policy(0xffffffffffffff9c, 0x0, 0x0, 0x0)
quotactl$Q_SYNC(0xffffffff80000100, 0x0, 0x0, 0x0)

6.621443664s ago: executing program 3 (id=63):
perf_event_open(&(0x7f0000000200)={0x2, 0x80, 0x70, 0x0, 0x0, 0x0, 0x0, 0x9, 0x0, 0x0, 0x0, 0x0, 0x0, 0x0, 0x0, 0x0, 0x0, 0x0, 0x0, 0x0, 0x0, 0x0, 0x0, 0x0, 0x0, 0x0, 0x0, 0x0, 0x0, 0x0, 0x0, 0x0, 0x0, 0x0, 0x0, 0x0, 0x0, 0x0, 0x0, 0x0, 0x0, 0x0, 0x0, 0x0, 0x0, 0x0, 0x0, 0x0, 0x0, 0x2, @perf_bp={0x0}, 0x400, 0x0, 0x0, 0x0, 0x0, 0xfffffffe, 0x0, 0x0, 0x0, 0x0, 0x32a}, 0x0, 0x0, 0xffffffffffffffff, 0x0)
socket$nl_route(0x10, 0x3, 0x0)
r0 = accept4$inet(0xffffffffffffffff, 0x0, &(0x7f0000000280), 0x80000)
setsockopt$SO_ATTACH_FILTER(r0, 0x1, 0x1a, &(0x7f0000000080)={0x4, &(0x7f00000001c0)=[{0x40}, {0x1d, 0x0, 0x1}, {}, {0x6, 0x0, 0x0, 0x1}]}, 0x10)
kexec_load(0x0, 0x7, &(0x7f00000005c0), 0x0)
kexec_load(0xe2df, 0x4, &(0x7f0000000140)=[{&(0x7f0000000000)="f620d93a34aea2d7359fd858def50e6d3abcc1fed650aee7a55a812b008340b76e", 0x21, 0xc, 0x100000000}, {&(0x7f00000000c0)="a93a0c51cb04966f9b7501b4bcc0c308871250b0ae55d9e0aec8325eb30fac47ecde3a5121d98288d0522f62fdad488fc0fff0cc656a30605e4b54db8c6a05a6026d9f428d95b9d03e64ecf58ce0d8346c3b306f31de1a", 0x57, 0x1000, 0xffffffffffffff80}, {&(0x7f0000000040)="f8a6f517139c87999114a585c02f0556cbd78cdd1b6120cab2454d38327797dd4e810ed83fa04047229e6238df41653743d4776986ff5591b8d16b4128b265bd", 0x40, 0x1}, {&(0x7f0000000300)="4b2df72bb3e11e70b9f51c8202493a5a21e48c3ceea6a501ac3b22a6fbbf467b92523c5097b096cfa720d777ef789e8f800502ef642136f21091cfc160aedf4841dc89290fea0dab0017c9273fe4333aabddeef640f5626fdcdca57ce14c3949afce0e9cdfe700f3f32e247ebe2c54f3623d70db0d7093c467c92332dfed897cb710b3bf66cfc1cb3214ba527583c63d73d1927c76a149ba75c08bf04e2040115253ea3325e86b7c41ce2cedfd62b59a513260b7a4755c79b491a1df1728ae88232b4832c2c4166ed9d3efb5a4e1a73a7f05ad5716c946513b5b6cf153e0279849f734c63632c9ce0a3adb559826bc6cbc87292997b79e", 0xf7, 0x400, 0x6}], 0x320000)
r1 = open(&(0x7f00000002c0)='./file0\x00', 0x42386c0, 0x0)
r2 = openat$urandom(0xffffffffffffff9c, &(0x7f0000000000), 0x8400, 0x0)
r3 = openat$cdrom(0xffffffffffffff9c, &(0x7f0000000400), 0x181800, 0x0)
ioctl$CDROMPLAYMSF(r3, 0x5303, 0x0)
fcntl$setstatus(r2, 0x4, 0x42800)
ioctl$CDROM_SET_OPTIONS(r1, 0x5320, 0x17)
fcntl$setlease(r1, 0x400, 0x1)

6.563682159s ago: executing program 3 (id=64):
mkdir(&(0x7f0000000080)='./file0\x00', 0x0)
pipe2$9p(&(0x7f0000000240)={<r0=>0xffffffffffffffff, <r1=>0xffffffffffffffff}, 0x0)
r2 = dup(r1)
mount$9p_fd(0x0, &(0x7f0000000040)='./file0\x00', &(0x7f0000000180), 0x0, &(0x7f0000000280)=ANY=[@ANYBLOB='trans=fd,rfdno=', @ANYRESHEX=r0, @ANYBLOB=',wfdno=', @ANYRESHEX=r2, @ANYBLOB=',access=', @ANYBLOB="e1"])
setsockopt$inet_tcp_TCP_FASTOPEN_KEY(r2, 0x6, 0x21, &(0x7f0000000000)="0c909134643536692a61ab36d53d4910", 0x10)

6.485596875s ago: executing program 3 (id=65):
perf_event_open(&(0x7f000001d000)={0x1, 0x80, 0x0, 0x0, 0x0, 0x0, 0x0, 0x7f, 0x0, 0xc, 0x0, 0x0, 0x0, 0x0, 0x0, 0x3, 0x0, 0x0, 0x0, 0x0, 0x0, 0x0, 0x0, 0x0, 0x0, 0x0, 0x0, 0x0, 0x0, 0x0, 0x0, 0x0, 0x0, 0x0, 0x0, 0x0, 0x0, 0x0, 0x0, 0x0, 0x0, 0x0, 0x0, 0x0, 0x0, 0x0, 0x0, 0x0, 0x0, 0x4, @perf_bp={0x0}}, 0x0, 0xffffffffffffffff, 0xffffffffffffffff, 0x0)
r0 = syz_open_dev$sg(&(0x7f00000001c0), 0x0, 0x0)
ioctl$SG_BLKTRACETEARDOWN(r0, 0x1276, 0x0)
ioctl$SG_SET_DEBUG(r0, 0x227e, 0x0)
sendmsg$nl_xfrm(0xffffffffffffffff, &(0x7f0000000180)={0x0, 0x0, 0x0}, 0x0)
ioctl$SG_BLKTRACESETUP(r0, 0xc0481273, &(0x7f0000000080)={'\x00', 0x3, 0x200000, 0x4ed, 0x5, 0x5})
socket$inet6(0xa, 0x2, 0x0)
socket$nl_generic(0x10, 0x3, 0x10)
r1 = syz_clone(0x0, 0x0, 0x0, 0x0, 0x0, 0x0)
sendmsg$netlink(0xffffffffffffffff, &(0x7f0000000140)={0x0, 0x0, 0x0}, 0x0)
getdents(0xffffffffffffffff, &(0x7f00000000c0)=""/117, 0x75)
mkdir(&(0x7f00000002c0)='./file0\x00', 0x0)
mount(0x0, 0x0, &(0x7f0000000040)='cgroup2\x00', 0x0, 0x0)
r2 = add_key(&(0x7f0000000100)='keyring\x00', 0x0, 0x0, 0x0, 0xfffffffffffffffe)
add_key(0x0, 0x0, 0x0, 0x0, r2)
setxattr$security_capability(0x0, 0x0, 0x0, 0x0, 0x0)
lgetxattr(&(0x7f0000000000)='./file0\x00', 0x0, 0x0, 0x0)
ptrace$pokeuser(0x6, r1, 0x368, 0xffffffffffffffff)
syz_genetlink_get_family_id$ethtool(&(0x7f0000000040), 0xffffffffffffffff)
mkdir(&(0x7f00000002c0)='./file0\x00', 0x0)
r3 = socket$netlink(0x10, 0x3, 0x0)
setsockopt$netlink_NETLINK_ADD_MEMBERSHIP(r3, 0x10e, 0x1, 0x0, 0x0)
getsockopt$netlink(r3, 0x10e, 0x9, 0x0, &(0x7f0000000080)=0x1d)
mount(0x0, &(0x7f0000000140)='./file0\x00', &(0x7f0000000040)='cgroup2\x00', 0x1012001, 0x0)
name_to_handle_at(0xffffffffffffff9c, &(0x7f0000000180)='./file0\x00', &(0x7f0000002040)=ANY=[], 0x0, 0x0)
socket$nl_generic(0x10, 0x3, 0x10)
r4 = socket$inet6_tcp(0xa, 0x1, 0x0)
setsockopt$inet6_tcp_int(r4, 0x6, 0x13, 0x0, 0x0)
lsetxattr$system_posix_acl(&(0x7f0000000000)='.\x00', &(0x7f0000000040)='system.posix_acl_default\x00', 0x0, 0x0, 0x2)
lsetxattr$system_posix_acl(0x0, 0x0, 0x0, 0x0, 0x0)

4.372258ms ago: executing program 2 (id=66):
syz_mount_image$ext4(&(0x7f00000004c0)='ext4\x00', &(0x7f0000000500)='./file0\x00', 0x200810, &(0x7f0000000540), 0x1, 0x4cd, &(0x7f0000000a40)="$eJzs3cFvHFcZAPBvxl7bdd3ahR4AAQ2lECDKrr1praqncgGhqhKi4sQhMfbGsrzrtbzrUpsc3P8BiUic4E/ggMQBKRJS7tzghoTCASlABIqROCya2bHj2F7HJI438vx+0mjmzVvv996u5r31Z++8AErrUkTsRMRYRNyIiOnifFJs8X5/yx738MGtxd0HtxaT6PU++keS12fn4sDPZF4unnMiIn7w3YgfJ0fjdra2VxeazcZGUa51W+u1ztb21ZXWwnJjubFWr8/Pzc++e+2d+pn19Y3Wr+9/Z+WDH/7ut1+694edb/40a9ZUUXewH2ep3/XKfpzMaER88DyCDcFI0Z+xYTeEp5JGxGci4s38+p+OkfzdBAAusl5vOnrTB8sAwEWX5jmwJK0WuYCpSNNqtZ/Dez0m02a7071ys725ttTPlc1EJb250mzMFrnCmagkWXkuP35Urh8qX4uI1yLiZ+Mv5eXqYru5NMwPPgBQYi8fmv//Pd6f/wGAC25i2A0AAM6d+R8Aysf8DwDlY/4HgPIx/wNA+Zj/AaB8zP8AUCrf//DDbOvtFve/Xvp4a3O1/fHVpUZntdraXKwutjfWq8vt9nJ+z57Wk56v2W6vz70dm5/Uuo1Ot9bZ2r7eam+uda/n9/W+3qicS68AgJO89sadPyURsfPeS/kWB9ZyMFfDxZYOuwHA0IwMuwHA0FjtC8rL7/jAMUv0PmbgvwjdPvu2AOfj8ufl/6Gs5P+hvOT/obzk/6G8er3Emv8AUDJy/IC//wMAAAAAAAAAAAAAAAAAAAAAAAAAAAAAAMD/byrfkrRarAU+FWlarUa8EhEzUUlurjQbsxHxakT8cbwynpXnht1oAOAZpX9LivW/Lk+/NXW4diz5z3i+j4if/OKjn3+y0O1uzGXn/7l/vnu7OF9/Qqix59UHAOAke/P03jy+5+GDW4t723m25/63+4uLZnF3i61fMxqj+X4iKhEx+a+kKPdln1dGziD+zqcR8bnj+p/kuZGZYuXTw/Gz2K+ca/z0sfhpXtffZ6/FZ8+gLVA2d7Lx5/3jrr80LuX746//iXyEenZ749/ukfEv3R//RgaMf5dOG+Ptu98bWPdpxBdGj4uf7MdP8vi/Hzkc/61Txv/zF7/85qC63i8jLsfx8Q/GqnVb67XO1vbVldbCcmO5sVavz8/Nz7577Z16Lc9R1/Yy1Uf9/b0rr57U/8kB8Sce6//R1/9rp+z/r/5740dfOSH+N756/Pv/+gnxsznx66eMvzD5m4HLd2fxlwb0f/SE+Nm5K6eMf++v20unfCgAcA46W9urC81mY+PFOKi8GM0Y0sFfbtz91gv4pjgo48GwRybgeXt00Q+7JQAAAAAAAAAAAAAAwCCn/T5Qr7jZztN8nWjYfQQAAAAAAAAAAAAAAAAAAAAAAAAAAAAAAAAAAAAAAAAAAAAAAAAAAAAAAAAAAAAAAAAAAAAAAAAAAAAAAAAAAAAAAAAAAAAAAAAAAAAAAAAAAAAAAAAAAAAAAAAAAAAAAAAAAAAAAAAAAAAAAAAAAAAAAAAAAAAAAAAAAAAAAAAAAAAAAAAAAAAAAAAAAAAAAAAAAAAAAAAAAAAAAAAAAAAAAAAAAAAAAODi+l8AAAD//+K41fA=") (async)
r0 = openat$cgroup_ro(0xffffffffffffff9c, &(0x7f0000000040)='cgroup.controllers\x00', 0x275a, 0x0)
write$binfmt_script(r0, &(0x7f0000000080), 0xfea7)
ioctl$FS_IOC_RESVSP(r0, 0x40305839, &(0x7f0000000000)={0x0, 0x0, 0xefff, 0xfa64}) (async)
ioctl$FS_IOC_RESVSP(r0, 0x40305829, &(0x7f00000000c0)={0x0, 0x0, 0x0, 0x10005})
socket$nl_generic(0x10, 0x3, 0x10) (async)
ioctl$FS_IOC_RESVSP(r0, 0x40305828, &(0x7f0000000140)={0x0, 0x0, 0x0, 0x1}) (async)
write$binfmt_elf64(r0, &(0x7f0000000280)={{0x7f, 0x45, 0x4c, 0x46, 0x0, 0x0, 0x17, 0x5, 0x4, 0x0, 0x0, 0x0, 0xffffffffffffffff, 0x40}, [], "e80a0e67eb2d5c768a24477d8c54a48a92ae9c4f1c7141eee74bda51135dfdc9131095a26ff5907c3076ebe6095741a85a12a3a361e4f9e5975a7483a287e23f20b20cd36259a4b82c483fb84194fad8a5166042771b9f250dc7be013af19580b0d0214d642d875dd2e5d1085f9f085b5c6953b61c4495ebf2ee9a93581400f50b58a7af2ac30739c2da8f641ea1d8dfec913159fa88c4e7365c3fdf7f5fbd0d41fd3c60f5e857a4b60c3142476d9fd2f42528cb3c40dc17507e8c21b593b80c"}, 0x100)
socket(0x1, 0xa, 0x5)

0s ago: executing program 2 (id=67):
syz_mount_image$fuse(0x0, 0x0, 0x1000000, &(0x7f0000000740)=ANY=[@ANYBLOB, @ANYRESDEC, @ANYRES64, @ANYBLOB], 0x1, 0x0, 0x0)
io_setup(0x7, 0x0)
pipe2(&(0x7f0000000000)={<r0=>0xffffffffffffffff, <r1=>0xffffffffffffffff}, 0x0)
write$binfmt_misc(r1, 0x0, 0x4) (async)
write$binfmt_misc(r1, 0x0, 0x4)
splice(r0, 0x0, 0xffffffffffffffff, 0x0, 0x7, 0x0)
statx(0xffffffffffffffff, 0x0, 0x1000, 0x80, 0x0) (async)
statx(0xffffffffffffffff, 0x0, 0x1000, 0x80, 0x0)
perf_event_open(0x0, 0x0, 0xffffffffffffffff, 0xffffffffffffffff, 0x0)
fadvise64(0xffffffffffffffff, 0x5, 0x3, 0x4)
socket$inet6(0xa, 0x2, 0x3a)
socket$netlink(0x10, 0x3, 0x6) (async)
socket$netlink(0x10, 0x3, 0x6)
prctl$PR_SET_IO_FLUSHER(0x39, 0x1) (async)
prctl$PR_SET_IO_FLUSHER(0x39, 0x1)
sendto$inet6(0xffffffffffffffff, 0x0, 0x0, 0x0, 0x0, 0x0) (async)
sendto$inet6(0xffffffffffffffff, 0x0, 0x0, 0x0, 0x0, 0x0)
mkdirat$cgroup_root(0xffffffffffffff9c, &(0x7f0000000000)='./cgroup.cpu/syz0\x00', 0x1ff)
r2 = openat$cgroup_root(0xffffffffffffff9c, &(0x7f0000000000), 0x200002, 0x0)
r3 = openat$cgroup_int(r2, &(0x7f00000000c0)='cpuset.mems\x00', 0x2, 0x0)
read(r3, &(0x7f0000000040)=""/18, 0x12)
socket$inet_udp(0x2, 0x2, 0x0) (async)
r4 = socket$inet_udp(0x2, 0x2, 0x0)
getsockopt$inet_mreqn(r4, 0x0, 0x40, 0x0, &(0x7f0000000180))
r5 = openat$ptp0(0xffffffffffffff9c, &(0x7f0000000000), 0x4000, 0x0)
socketpair$unix(0x1, 0x5, 0x0, &(0x7f0000000040)={<r6=>0xffffffffffffffff})
sendmsg$inet(r6, &(0x7f0000001b00)={0x0, 0x0, 0x0, 0x0, &(0x7f0000000000)=ANY=[@ANYBLOB="28010000000000000100000001"], 0x128}, 0x0) (async)
sendmsg$inet(r6, &(0x7f0000001b00)={0x0, 0x0, 0x0, 0x0, &(0x7f0000000000)=ANY=[@ANYBLOB="28010000000000000100000001"], 0x128}, 0x0)
close(r6)
socketpair$unix(0x1, 0x5, 0x0, &(0x7f0000000040)={0xffffffffffffffff, <r7=>0xffffffffffffffff})
close(r7)
mmap(&(0x7f0000ffd000/0x1000)=nil, 0x1000, 0x1000000, 0x11, r5, 0x1f4b6000)
prctl$PR_MCE_KILL(0x21, 0x1, 0x1) (async)
prctl$PR_MCE_KILL(0x21, 0x1, 0x1)

kernel console output (not intermixed with test programs):

Warning: Permanently added '[localhost]:28600' (ED25519) to the list of known hosts.
syzkaller login: [   17.512640] cgroup: Unknown subsys name 'net'
[   17.513548] cgroup: Unknown subsys name 'net_prio'
[   17.514530] cgroup: Unknown subsys name 'devices'
[   17.515550] cgroup: Unknown subsys name 'blkio'
[   17.562898] cgroup: Unknown subsys name 'hugetlb'
[   17.563850] cgroup: Unknown subsys name 'rlimit'
Setting up swapspace version 1, size = 122.1 MiB (127995904 bytes)
no label, UUID=541c7917-da16-48d5-a40e-680188f162e8
[   17.629449] Adding 124996k swap on ./swap-file.  Priority:0 extents:1 across:124996k 
[   18.306487] audit: type=1400 audit(1731268035.253:6): avc:  denied  { execmem } for  pid=227 comm="syz-executor" scontext=system_u:system_r:kernel_t:s0 tcontext=system_u:system_r:kernel_t:s0 tclass=process permissive=1
[   24.660004] audit: type=1400 audit(1731268041.606:7): avc:  denied  { open } for  pid=2054 comm="syz.0.5" scontext=system_u:system_r:kernel_t:s0 tcontext=system_u:system_r:kernel_t:s0 tclass=perf_event permissive=1
[   24.663202] audit: type=1400 audit(1731268041.606:8): avc:  denied  { kernel } for  pid=2054 comm="syz.0.5" scontext=system_u:system_r:kernel_t:s0 tcontext=system_u:system_r:kernel_t:s0 tclass=perf_event permissive=1
[   24.688370] netlink: 'syz.3.4': attribute type 7 has an invalid length.
[   24.689589] netlink: 'syz.3.4': attribute type 8 has an invalid length.
[   24.690746] netlink: 8976 bytes leftover after parsing attributes in process `syz.3.4'.
[   24.694301] EXT4-fs (loop0): Ignoring removed mblk_io_submit option
[   24.700315] EXT4-fs (loop0): Warning: mounting with an experimental mount option 'dioread_nolock' for blocksize < PAGE_SIZE
[   24.702743] EXT4-fs (loop0): can't mount with journal_checksum, fs mounted w/o journal
[   24.732280] hrtimer: interrupt took 20710 ns
[   24.982137] syz.0.8 (2070) used greatest stack depth: 24376 bytes left
[   25.524116] EXT4-fs (loop0): mounted filesystem without journal. Opts: ,errors=continue
[   25.756396] EXT4-fs (loop3): can't mount with journal_checksum, fs mounted w/o journal
[   25.932074] audit: type=1400 audit(2000000001.167:9): avc:  denied  { create } for  pid=2095 comm="syz.0.11" scontext=system_u:system_r:kernel_t:s0 tcontext=system_u:object_r:mqueue_spool_t:s0 tclass=netlink_route_socket permissive=1
[   26.166950] netlink: 25 bytes leftover after parsing attributes in process `syz.3.7'.
[   26.340458] netlink: 'syz.3.12': attribute type 16 has an invalid length.
[   26.342048] netlink: 'syz.3.12': attribute type 29 has an invalid length.
[   26.344962] netlink: 'syz.3.12': attribute type 28 has an invalid length.
[   26.347333] netlink: 64122 bytes leftover after parsing attributes in process `syz.3.12'.
[   26.356172] EXT4-fs (loop3): Ignoring removed nomblk_io_submit option
[   26.361353] EXT4-fs (loop3): Unrecognized mount option "init_" or missing value
[   26.434765] netlink: 156 bytes leftover after parsing attributes in process `syz.3.14'.
[   26.437757] SELinux: unrecognized netlink message: protocol=0 nlmsg_type=1015 sclass=netlink_route_socket pid=2118 comm=syz.3.14
[   38.734597] raw_sendmsg: syz.1.16 forgot to set AF_INET. Fix it!
[   38.737446] 9pnet: Insufficient options for proto=fd
[   38.857653] FAT-fs (loop3): mounting with "discard" option, but the device does not support discard
[   38.936350] netlink: 'syz.3.18': attribute type 46 has an invalid length.
[   38.937798] EXT4-fs (loop1): Ignoring removed orlov option
[   38.939137] EXT4-fs (loop1): Ignoring removed nomblk_io_submit option
[   38.940999] netlink: 'syz.3.18': attribute type 46 has an invalid length.
[   38.956573] [EXT4 FS bs=1024, gc=1, bpg=131072, ipg=32, mo=a80ee018, mo2=0002]
[   38.957886] System zones: 0-1, 3-36
[   38.966305] EXT4-fs (loop1): mounted filesystem without journal. Opts: debug,orlov,nomblk_io_submit,block_validity,debug_want_extra_isize=0x0000000000000006,init_itable=0x0000000000000000,usrquota,nouid32,,errors=continue
[   38.993309] FAT-fs (loop2): Unrecognized mount option "" or missing value
[   39.024590] netlink: 666 bytes leftover after parsing attributes in process `syz.1.27'.
[   39.084828] SELinux: unrecognized netlink message: protocol=0 nlmsg_type=59664 sclass=netlink_route_socket pid=2181 comm=syz.1.29
[   39.114247] audit: type=1400 audit(2000000014.349:10): avc:  denied  { node_bind } for  pid=2183 comm="syz.3.30" saddr=ff01::1 scontext=system_u:system_r:kernel_t:s0 tcontext=system_u:object_r:node_t:s0 tclass=icmp_socket permissive=1
[   39.133555] EXT4-fs (loop2): Ignoring removed nobh option
[   39.134486] EXT4-fs (loop2): Ignoring removed mblk_io_submit option
[   39.139732] EXT4-fs (loop2): Ignoring removed nobh option
[   39.165722] EXT4-fs error (device loop2): ext4_validate_block_bitmap:398: comm syz.2.31: bg 0: block 5: invalid block bitmap
[   39.168640] EXT4-fs (loop2): 1 truncate cleaned up
[   39.169502] EXT4-fs (loop2): mounted filesystem without journal. Opts: inode_readahead_blks=0x0000000000000200,block_validity,debug_want_extra_isize=0x0000000000000066,noblock_validity,nobh,mblk_io_submit,nobh,,errors=continue
[   39.408255] SELinux:  Context /usr/lib/telepathy/mission-control-5 is not valid (left unmapped).
[   39.409389] audit: type=1400 audit(2000000014.638:11): avc:  denied  { read } for  pid=2201 comm="syz.2.34" scontext=system_u:system_r:kernel_t:s0 tcontext=system_u:system_r:kernel_t:s0 tclass=perf_event permissive=1
[   39.414234] audit: type=1400 audit(2000000014.639:12): avc:  denied  { write } for  pid=2201 comm="syz.2.34" scontext=system_u:system_r:kernel_t:s0 tcontext=system_u:system_r:kernel_t:s0 tclass=perf_event permissive=1
[   39.421792] audit: type=1400 audit(2000000014.649:13): avc:  denied  { relabelto } for  pid=2204 comm="syz.1.35" name="RAW" dev="sockfs" ino=11931 scontext=system_u:system_r:kernel_t:s0 tcontext=system_u:object_r:unlabeled_t:s0 tclass=rawip_socket permissive=1 trawcon="/usr/lib/telepathy/mission-control-5"
[   39.466947] syz-executor (234) used greatest stack depth: 24232 bytes left
[   40.336797] syz.3.42 (2252) used greatest stack depth: 24136 bytes left
[   40.372501] fuse: Unknown parameter 'q0x0000000000000003'
[   40.512192] EXT4-fs (loop2): Ignoring removed oldalloc option
[   40.521872] EXT4-fs (loop2): Unrecognized mount option "barrier=0x00000000000041db2subj_role=barrier" or missing value
[   40.667749] audit: type=1326 audit(2000000015.903:14): auid=0 uid=0 gid=0 ses=3 subj=system_u:system_r:kernel_t:s0 pid=2291 comm="syz.0.47" exe="/syz-executor" sig=0 arch=c000003e syscall=202 compat=0 ip=0x7f1564a7cef9 code=0x7ffc0000
[   40.671154] audit: type=1326 audit(2000000015.904:15): auid=0 uid=0 gid=0 ses=3 subj=system_u:system_r:kernel_t:s0 pid=2291 comm="syz.0.47" exe="/syz-executor" sig=0 arch=c000003e syscall=0 compat=0 ip=0x7f1564a7cef9 code=0x7ffc0000
[   40.678329] audit: type=1326 audit(2000000015.904:16): auid=0 uid=0 gid=0 ses=3 subj=system_u:system_r:kernel_t:s0 pid=2291 comm="syz.0.47" exe="/syz-executor" sig=0 arch=c000003e syscall=202 compat=0 ip=0x7f1564a7cef9 code=0x7ffc0000
[   40.697337] audit: type=1326 audit(2000000015.906:17): auid=0 uid=0 gid=0 ses=3 subj=system_u:system_r:kernel_t:s0 pid=2291 comm="syz.0.47" exe="/syz-executor" sig=0 arch=c000003e syscall=0 compat=0 ip=0x7f1564a7cef9 code=0x7ffc0000
[   40.704583] EXT4-fs (loop2): mounted filesystem without journal. Opts: ,errors=continue
[   40.713350] audit: type=1326 audit(2000000015.909:18): auid=0 uid=0 gid=0 ses=3 subj=system_u:system_r:kernel_t:s0 pid=2291 comm="syz.0.47" exe="/syz-executor" sig=0 arch=c000003e syscall=202 compat=0 ip=0x7f1564a7cef9 code=0x7ffc0000
[   40.720780] FAT-fs (loop3): Unrecognized mount option "fscontext" or missing value
[   40.724557] audit: type=1326 audit(2000000015.910:19): auid=0 uid=0 gid=0 ses=3 subj=system_u:system_r:kernel_t:s0 pid=2291 comm="syz.0.47" exe="/syz-executor" sig=0 arch=c000003e syscall=272 compat=0 ip=0x7f1564a7cef9 code=0x7ffc0000
[   40.979534] EXT4-fs error (device loop2): ext4_mb_generate_buddy:802: group 0, block bitmap and bg descriptor inconsistent: 25 vs 150994969 free clusters
[   40.982830] EXT4-fs (loop2): Delayed block allocation failed for inode 18 at logical offset 0 with max blocks 668 with error 28
[   40.984853] EXT4-fs (loop2): This should not happen!! Data will be lost
[   40.984853] 
[   40.986236] EXT4-fs (loop2): Total free blocks count 0
[   40.992642] EXT4-fs (loop2): Free/Dirty block details
[   40.993590] EXT4-fs (loop2): free_blocks=2415919104
[   40.998461] EXT4-fs (loop2): dirty_blocks=672
[   40.999187] EXT4-fs (loop2): Block reservation details
[   41.000067] EXT4-fs (loop2): i_reserved_data_blocks=42
[   41.691921] EXT4-fs (loop3): mounted filesystem without journal. Opts: ,errors=continue
[   41.693380] ext4 filesystem being mounted at /12/bus supports timestamps until 2038 (0x7fffffff)
[   42.840724] 9p: Unknown access argument 
[   44.120633] kauditd_printk_skb: 28 callbacks suppressed
[   44.120643] audit: type=1326 audit(2000000019.354:48): auid=0 uid=0 gid=0 ses=3 subj=system_u:system_r:kernel_t:s0 pid=2410 comm="syz.0.59" exe="/syz-executor" sig=0 arch=c000003e syscall=1 compat=0 ip=0x7f1564a7b9df code=0x7ffc0000
[   44.944332] modprobe (2559) used greatest stack depth: 23144 bytes left
[   48.379557] syz.0.59 (2412) used greatest stack depth: 22248 bytes left
[   49.108329] modprobe (2561) used greatest stack depth: 20792 bytes left
[   51.315535] sshd invoked oom-killer: gfp_mask=0x100cca(GFP_HIGHUSER_MOVABLE), order=0, oom_score_adj=0
[   51.317379] CPU: 1 PID: 217 Comm: sshd Not tainted 5.10.0 #1
[   51.318302] Hardware name: QEMU Ubuntu 24.04 PC (i440FX + PIIX, 1996), BIOS 1.16.3-debian-1.16.3-2 04/01/2014
[   51.319968] Call Trace:
[   51.320379]  dump_stack+0x107/0x163
[   51.320908]  dump_header+0x107/0x930
[   51.321474]  oom_kill_process+0x15b/0x4c0
[   51.322086]  out_of_memory+0x1170/0x1580
[   51.322746]  ? oom_killer_disable+0x270/0x270
[   51.323480]  ? mutex_trylock+0x233/0x2a0
[   51.324155]  ? __alloc_pages_slowpath.constprop.0+0xb04/0x23a0
[   51.325176]  __alloc_pages_slowpath.constprop.0+0x1cd8/0x23a0
[   51.326124]  ? __lock_acquire+0x1661/0x5ca0
[   51.326905]  ? warn_alloc+0x120/0x120
[   51.327594]  __alloc_pages_nodemask+0x582/0x6a0
[   51.328423]  ? lock_downgrade+0x6d0/0x6d0
[   51.329035]  ? do_raw_spin_lock+0x121/0x260
[   51.329761]  ? __alloc_pages_slowpath.constprop.0+0x23a0/0x23a0
[   51.330744]  ? __swp_swapcount+0x1d4/0x300
[   51.331381]  alloc_pages_vma+0xbb/0x490
[   51.331955]  __read_swap_cache_async+0x2d9/0x880
[   51.332753]  ? find_get_incore_page+0x230/0x230
[   51.333566]  ? swp_swap_info+0xf6/0x170
[   51.334170]  ? swapcache_prepare+0x20/0x20
[   51.334793]  swap_cluster_readahead+0x729/0x9a0
[   51.335473]  ? lock_downgrade+0x6d0/0x6d0
[   51.336086]  ? read_swap_cache_async+0x110/0x110
[   51.336861]  ? xas_load+0x63/0x300
[   51.337420]  ? find_get_entry+0x385/0x790
[   51.338150]  ? find_held_lock+0x2c/0x110
[   51.338826]  swapin_readahead+0xe4/0xc60
[   51.339531]  ? lookup_swap_cache+0x186/0x510
[   51.340276]  ? lock_downgrade+0x6d0/0x6d0
[   51.340972]  ? exit_swap_address_space+0x1d0/0x1d0
[   51.341809]  ? lookup_swap_cache+0x29f/0x510
[   51.342467]  ? swp_swap_info+0xf6/0x170
[   51.343042]  ? swapcache_prepare+0x20/0x20
[   51.343679]  do_swap_page+0xdf3/0x1df0
[   51.344269]  handle_mm_fault+0x1480/0x37e0
[   51.344881]  ? find_held_lock+0x2c/0x110
[   51.345477]  ? __pmd_alloc+0x610/0x610
[   51.346065]  ? vmacache_find+0x55/0x2c0
[   51.346652]  ? vmacache_update+0xce/0x140
[   51.347276]  do_user_addr_fault+0x645/0xc40
[   51.347912]  exc_page_fault+0xa2/0x1a0
[   51.348489]  ? asm_exc_page_fault+0x8/0x30
[   51.349117]  asm_exc_page_fault+0x1e/0x30
[   51.349727] RIP: 0033:0x560ad8da4643
[   51.350284] Code: Unable to access opcode bytes at RIP 0x560ad8da4619.
[   51.351292] RSP: 002b:00007ffd6dcc7c70 EFLAGS: 00010246
[   51.352094] RAX: 0000000000000000 RBX: 00007ffd6dccbcff RCX: 0000560ada0b1a78
[   51.353174] RDX: 0000000000000038 RSI: 00007ffd6dcca990 RDI: 0000560ada0b1a60
[   51.354250] RBP: 0000000000000004 R08: ffffffffffffffe0 R09: 00007ffd6dd440f0
[   51.355319] R10: 0000000000010166 R11: 0000560ada0aed40 R12: 0000560ada084390
[   51.356395] R13: 00007ffd6dcc7c70 R14: 0000000000000004 R15: 0000560ad8e19ac0
[   51.398907] Mem-Info:
[   51.399373] active_anon:92 inactive_anon:1 isolated_anon:6
[   51.399373]  active_file:21 inactive_file:11 isolated_file:0
[   51.399373]  unevictable:0 dirty:0 writeback:1
[   51.399373]  slab_reclaimable:7316 slab_unreclaimable:21314
[   51.399373]  mapped:14344 shmem:6 pagetables:551 bounce:0
[   51.399373]  free:3409 free_pcp:8 free_cma:0
[   51.404087] Node 0 active_anon:368kB inactive_anon:4kB active_file:84kB inactive_file:44kB unevictable:0kB isolated(anon):24kB isolated(file):0kB mapped:57376kB dirty:0kB writeback:4kB shmem:24kB writeback_tmp:0kB kernel_stack:3104kB all_unreclaimable? yes
[   51.407460] Node 0 DMA free:6512kB min:48kB low:60kB high:72kB reserved_highatomic:0KB active_anon:0kB inactive_anon:0kB active_file:0kB inactive_file:0kB unevictable:0kB writepending:0kB present:15992kB managed:15908kB mlocked:0kB pagetables:0kB bounce:0kB free_pcp:0kB local_pcp:0kB free_cma:0kB
[   51.411422] lowmem_reserve[]: 0 1616 1616 1616
[   51.412137] Node 0 DMA32 free:7164kB min:5116kB low:6768kB high:8420kB reserved_highatomic:2048KB active_anon:484kB inactive_anon:252kB active_file:280kB inactive_file:72kB unevictable:0kB writepending:4kB present:2082688kB managed:1660364kB mlocked:0kB pagetables:2204kB bounce:0kB free_pcp:0kB local_pcp:0kB free_cma:0kB
[   51.416848] lowmem_reserve[]: 0 0 0 0
[   51.417569] Node 0 DMA: 0*4kB 0*8kB 1*16kB (U) 1*32kB (U) 1*64kB (U) 0*128kB 1*256kB (U) 0*512kB 0*1024kB 1*2048kB (M) 1*4096kB (M) = 6512kB
[   51.419774] Node 0 DMA32: 216*4kB (UMEH) 194*8kB (UMEH) 102*16kB (UMEH) 44*32kB (UMEH) 20*64kB (UM) 7*128kB (UM) 0*256kB 0*512kB 0*1024kB 0*2048kB 0*4096kB = 7632kB
[   51.422106] Node 0 hugepages_total=0 hugepages_free=0 hugepages_surp=0 hugepages_size=2048kB
[   51.427643] 52 total pagecache pages
[   51.428242] 3 pages in swap cache
[   51.428781] Swap cache stats: add 14311, delete 14308, find 116/426
[   51.429761] Free swap  = 73848kB
[   51.430313] Total swap = 124996kB
[   51.430839] 524670 pages RAM
[   51.431325] 0 pages HighMem/MovableOnly
[   51.431903] 105602 pages reserved
[   51.432485] Unreclaimable slab info:
[   51.433196] Name                      Used          Total
[   51.434088] pid_2                     41KB         41KB
[   51.434895] p9_req_t                   8KB          8KB
[   51.435880] fib6_nodes                12KB         12KB
[   51.436724] ip6_dst_cache              7KB          7KB
[   51.437543] PINGv6                    60KB         60KB
[   51.438527] RAWv6                     91KB         91KB
[   51.439574] UDPLITEv6                 63KB         63KB
[   51.440437] UDPv6                     63KB         63KB
[   51.441381] TCPv6                     61KB         61KB
[   51.442195] scsi_sense_cache           4KB          4KB
[   51.443182] sd_ext_cdb                 3KB          3KB
[   51.444000] virtio_scsi_cmd           16KB         16KB
[   51.444829] sgpool-128               119KB        119KB
[   51.445785] sgpool-64                 63KB         63KB
[   51.446647] sgpool-32                299KB        299KB
[   51.447499] sgpool-16                195KB        195KB
[   51.448491] sgpool-8                 236KB        236KB
[   51.449338] mqueue_inode_cache         62KB         62KB
[   51.450180] fuse_request               7KB          7KB
[   51.451154] nfs_commit_data           15KB         15KB
[   51.451992] nfs_write_data            47KB         47KB
[   51.452847] jbd2_inode                 7KB          7KB
[   51.453746] ext4_system_zone           7KB          7KB
[   51.454573] ext4_io_end_vec            7KB          7KB
[   51.455547] ext4_bio_post_read_ctx         15KB         15KB
[   51.456455] io_kiocb                   3KB          3KB
[   51.457273] kioctx                    15KB         15KB
[   51.458051] aio_kiocb                  3KB          3KB
[   51.458867] bio-2                      4KB          4KB
[   51.459694] fasync_cache               3KB          3KB
[   51.460519] pid_namespace              7KB          7KB
[   51.461350] posix_timers_cache         15KB         15KB
[   51.462184] rpc_buffers               31KB         31KB
[   51.462995] rpc_tasks                  3KB          3KB
[   51.463814] UNIX                     386KB        478KB
[   51.464635] UDP-Lite                  60KB         60KB
[   51.465468] tcp_bind_bucket            8KB          8KB
[   51.466282] xfrm_state                15KB         15KB
[   51.467056] ip_fib_trie                8KB          8KB
[   51.467888] ip_fib_alias               7KB          7KB
[   51.468700] ip_dst_cache               8KB          8KB
[   51.469502] RAW                      189KB        189KB
[   51.470305] UDP                      182KB        182KB
[   51.471133] request_sock_TCP          15KB         15KB
[   51.471976] TCP                       58KB         58KB
[   51.472802] hugetlbfs_inode_cache         30KB         30KB
[   51.473683] bio-1                     11KB         11KB
[   51.474504] eventpoll_pwq             23KB         23KB
[   51.475332] eventpoll_epi             39KB         39KB
[   51.476132] inotify_inode_mark         35KB         35KB
[   51.476961] request_queue             60KB         60KB
[   51.477791] blkdev_ioc                22KB         22KB
[   51.478605] bio-0                   2280KB       2280KB
[   51.479441] biovec-max               718KB        718KB
[   51.480242] biovec-128                31KB         31KB
[   51.481043] biovec-64                456KB        456KB
[   51.481859] biovec-16                108KB        108KB
[   51.482676] uid_cache                  8KB          8KB
[   51.483484] dmaengine-unmap-2          4KB          4KB
[   51.484286] audit_buffer               7KB          7KB
[   51.485102] skbuff_fclone_cache        135KB        142KB
[   51.485943] skbuff_head_cache        150KB        195KB
[   51.486770] file_lock_cache           51KB         66KB
[   51.487583] file_lock_ctx              7KB          7KB
[   51.488405] fsnotify_mark_connector         24KB         24KB
[   51.489305] net_namespace             57KB         57KB
[   51.490112] task_delay_info          123KB        123KB
[   51.490928] taskstats                 15KB         15KB
[   51.491745] proc_dir_entry           258KB        258KB
[   51.492561] pde_opener                39KB         39KB
[   51.493384] seq_file                  86KB         90KB
[   51.494177] sigqueue                  59KB         59KB
[   51.494999] shmem_inode_cache       1289KB       1415KB
[   51.495816] kernfs_iattrs_cache        204KB        204KB
[   51.496655] kernfs_node_cache       3963KB       3963KB
[   51.497472] mnt_cache                149KB        149KB
[   51.498317] filp                    2940KB       3322KB
[   51.499144] names_cache            24080KB      24692KB
[   51.499969] hashtab_node             274KB        274KB
[   51.500810] ebitmap_node            1149KB       1149KB
[   51.501743] avtab_node              4976KB       4976KB
[   51.502557] avc_node                  31KB         31KB
[   51.507368] lsm_inode_cache         3073KB       3119KB
[   51.509291] lsm_file_cache           176KB        248KB
[   51.510784] key_jar                   31KB         31KB
[   51.513122] uts_namespace             15KB         15KB
[   51.514852] nsproxy                    7KB          7KB
[   51.516134] vm_area_struct          3080KB       3248KB
[   51.517311] mm_struct                457KB        486KB
[   51.518502] fs_cache                  69KB         76KB
[   51.519683] files_cache              352KB        414KB
[   51.524183] signal_cache             524KB        524KB
[   51.568971] sighand_cache            300KB        300KB
[   51.569869] task_struct             1956KB       2262KB
[   51.625776] cred_jar                 264KB        292KB
[   51.631815] anon_vma_chain           519KB        519KB
[   51.632752] anon_vma                 188KB        220KB
[   51.652698] pid                       80KB        101KB
[   51.653590] Acpi-Operand             284KB        324KB
[   51.661913] Acpi-ParseExt             43KB         43KB
[   51.662778] Acpi-Parse               173KB        189KB
[   51.663764] Acpi-State               137KB        153KB
[   51.701542] Acpi-Namespace            28KB         28KB
[   51.702445] numa_policy                3KB          3KB
[   51.720524] trace_event_file         159KB        159KB
[   51.721362] ftrace_event_field        276KB        276KB
[   51.722177] pool_workqueue            16KB         16KB
[   51.748783] task_group                16KB         16KB
[   51.749667] vmap_area                 39KB         39KB
[   51.766282] page->ptl                295KB        295KB
[   51.767126] dma-kmalloc-512           16KB         16KB
[   51.767943] kmalloc-8k              1008KB       1120KB
[   51.774311] kmalloc-4k              4096KB       5312KB
[   51.775118] kmalloc-2k              2988KB       3104KB
[   51.782269] kmalloc-1k              1896KB       2176KB
[   51.783103] kmalloc-512             1820KB       2304KB
[   51.796960] kmalloc-256              789KB        800KB
[   51.831955] kmalloc-192              356KB        356KB
[   51.832888] kmalloc-128              381KB        536KB
[   51.839845] kmalloc-96               302KB        312KB
[   51.840733] kmalloc-64              1045KB       1068KB
[   51.866456] kmalloc-32               811KB        904KB
[   51.867365] kmalloc-16               344KB        344KB
[   51.868198] kmalloc-8                255KB        314KB
[   51.900901] kmem_cache_node           47KB         47KB
[   51.907807] kmem_cache                75KB         75KB
[   51.908639] oom-kill:constraint=CONSTRAINT_NONE,nodemask=(null),cpuset=/,mems_allowed=0,global_oom,task_memcg=/system.slice/ssh.service,task=sshd,pid=217,uid=0
[   51.969459] Out of memory (oom_kill_allocating_task): Killed process 217 (sshd) total-vm:13940kB, anon-rss:0kB, file-rss:0kB, shmem-rss:0kB, UID:0 pgtables:64kB oom_score_adj:0
[   52.010214] oom_reaper: reaped process 217 (sshd), now anon-rss:0kB, file-rss:0kB, shmem-rss:0kB
[   52.037932] modprobe invoked oom-killer: gfp_mask=0x100cca(GFP_HIGHUSER_MOVABLE), order=0, oom_score_adj=0
[   52.039669] CPU: 0 PID: 2580 Comm: modprobe Not tainted 5.10.0 #1
[   52.040624] Hardware name: QEMU Ubuntu 24.04 PC (i440FX + PIIX, 1996), BIOS 1.16.3-debian-1.16.3-2 04/01/2014
[   52.042118] Call Trace:
[   52.042513]  dump_stack+0x107/0x163
[   52.043077]  dump_header+0x107/0x930
[   52.043623]  oom_kill_process+0x15b/0x4c0
[   52.044253]  out_of_memory+0x1170/0x1580
[   52.044869]  ? oom_killer_disable+0x270/0x270
[   52.045572]  ? mutex_trylock+0x233/0x2a0
[   52.046205]  ? __alloc_pages_slowpath.constprop.0+0xb04/0x23a0
[   52.047119]  __alloc_pages_slowpath.constprop.0+0x1cd8/0x23a0
[   52.048026]  ? warn_alloc+0x120/0x120
[   52.048630]  __alloc_pages_nodemask+0x582/0x6a0
[   52.049342]  ? __alloc_pages_slowpath.constprop.0+0x23a0/0x23a0
[   52.050250]  ? find_get_entry+0x385/0x790
[   52.050866]  alloc_pages_current+0x191/0x2a0
[   52.051540]  __page_cache_alloc+0x2ce/0x370
[   52.052194]  pagecache_get_page+0x2be/0xcb0
[   52.052849]  filemap_fault+0x1856/0x2310
[   52.053484]  ? read_cache_page_gfp+0x30/0x30
[   52.054147]  ? replace_page_cache_page+0x1240/0x1240
[   52.054888]  ? count_memcg_event_mm.part.0+0x1b1/0x2e0
[   52.055676]  ext4_filemap_fault+0x87/0xc0
[   52.056335]  __do_fault+0x113/0x410
[   52.056880]  handle_mm_fault+0x1ed0/0x37e0
[   52.057537]  ? find_held_lock+0x2c/0x110
[   52.058164]  ? __pmd_alloc+0x610/0x610
[   52.058747]  ? vmacache_find+0x55/0x2c0
[   52.059353]  ? vmacache_update+0xce/0x140
[   52.059974]  do_user_addr_fault+0x645/0xc40
[   52.060635]  exc_page_fault+0xa2/0x1a0
[   52.061222]  ? asm_exc_page_fault+0x8/0x30
[   52.061845]  asm_exc_page_fault+0x1e/0x30
[   52.062469] RIP: 0033:0x7fa8ff746bd7
[   52.063034] Code: Unable to access opcode bytes at RIP 0x7fa8ff746bad.
[   52.064039] RSP: 002b:00007ffd39b65660 EFLAGS: 00010206
[   52.064856] RAX: 0000000000000000 RBX: 00007fa8ff710430 RCX: 00007fa8ff736368
[   52.066109] RDX: 00007ffd39b657c8 RSI: 00007fa8ff736000 RDI: 00007fa8ff70f290
[   52.067243] RBP: 00007ffd39b65840 R08: 0000000000000000 R09: 0000000000000004
[   52.068321] R10: 0000000000000000 R11: 00007fa8ff736000 R12: 00007fa8ff70f290
[   52.069422] R13: 00007ffd39b657c8 R14: 00007fa8ff70e668 R15: 00007fa8ff736000
Connection to localhost closed by remote host.
[   52.113172] Mem-Info:
[   52.113640] active_anon:67 inactive_anon:0 isolated_anon:0
[   52.113640]  active_file:17 inactive_file:19 isolated_file:0
[   52.113640]  unevictable:0 dirty:0 writeback:0
[   52.113640]  slab_reclaimable:7316 slab_unreclaimable:21325
[   52.113640]  mapped:14337 shmem:2 pagetables:537 bounce:0
[   52.113640]  free:2991 free_pcp:142 free_cma:0
[   52.124248] Node 0 active_anon:268kB inactive_anon:0kB active_file:68kB inactive_file:76kB unevictable:0kB isolated(anon):0kB isolated(file):0kB mapped:57348kB dirty:0kB writeback:0kB shmem:8kB writeback_tmp:0kB kernel_stack:3072kB all_unreclaimable? yes
[   52.127642] Node 0 DMA free:6512kB min:48kB low:60kB high:72kB reserved_highatomic:0KB active_anon:0kB inactive_anon:0kB active_file:0kB inactive_file:0kB unevictable:0kB writepending:0kB present:15992kB managed:15908kB mlocked:0kB pagetables:0kB bounce:0kB free_pcp:0kB local_pcp:0kB free_cma:0kB
[   52.144975] lowmem_reserve[]: 0 1616 1616 1616
[   52.145750] Node 0 DMA32 free:4948kB min:5116kB low:6768kB high:8420kB reserved_highatomic:0KB active_anon:268kB inactive_anon:0kB active_file:60kB inactive_file:56kB unevictable:0kB writepending:0kB present:2082688kB managed:1660364kB mlocked:0kB pagetables:2148kB bounce:0kB free_pcp:816kB local_pcp:568kB free_cma:0kB
[   52.149994] lowmem_reserve[]: 0 0 0 0
[   52.157268] Node 0 DMA: 0*4kB 0*8kB 1*16kB (U) 1*32kB (U) 1*64kB (U) 0*128kB 1*256kB (U) 0*512kB 0*1024kB 1*2048kB (M) 1*4096kB (M) = 6512kB
[   52.159313] Node 0 DMA32: 65*4kB (UME) 134*8kB (UME) 62*16kB (ME) 30*32kB (UME) 16*64kB (UM) 5*128kB (UM) 0*256kB 0*512kB 0*1024kB 0*2048kB 0*4096kB = 4948kB
[   52.161532] Node 0 hugepages_total=0 hugepages_free=0 hugepages_surp=0 hugepages_size=2048kB
[   52.169474] 38 total pagecache pages
[   52.170028] 0 pages in swap cache
[   52.170587] Swap cache stats: add 14338, delete 14338, find 116/441
[   52.171559] Free swap  = 75384kB
[   52.172073] Total swap = 124996kB
[   52.172595] 524670 pages RAM
[   52.173037] 0 pages HighMem/MovableOnly
[   52.173652] 105602 pages reserved
[   52.174223] Unreclaimable slab info:
[   52.175000] Name                      Used          Total
[   52.184131] pid_2                     41KB         41KB
[   52.184960] p9_req_t                   8KB          8KB
[   52.185779] fib6_nodes                12KB         12KB
[   52.186585] ip6_dst_cache              7KB          7KB
[   52.187414] PINGv6                    60KB         60KB
[   52.188222] RAWv6                     91KB         91KB
[   52.189016] UDPLITEv6                 63KB         63KB
[   52.199287] UDPv6                     63KB         63KB
[   52.200103] TCPv6                     61KB         61KB
[   52.200877] scsi_sense_cache           4KB          4KB
[   52.201800] sd_ext_cdb                 3KB          3KB
[   52.202626] virtio_scsi_cmd           16KB         16KB
[   52.203457] sgpool-128               119KB        119KB
[   52.204284] sgpool-64                 63KB         63KB
[   52.205083] sgpool-32                299KB        299KB
[   52.214291] sgpool-16                202KB        202KB
[   52.215131] sgpool-8                 236KB        236KB
[   52.215935] mqueue_inode_cache         62KB         62KB
[   52.216780] fuse_request               7KB          7KB
[   52.217616] nfs_commit_data           15KB         15KB
[   52.218398] nfs_write_data            47KB         47KB
[   52.219208] jbd2_inode                 7KB          7KB
[   52.227492] ext4_system_zone           7KB          7KB
[   52.228342] ext4_io_end_vec            7KB          7KB
[   52.229147] ext4_bio_post_read_ctx         15KB         15KB
[   52.230007] io_kiocb                   3KB          3KB
[   52.230821] kioctx                    15KB         15KB
[   52.231643] aio_kiocb                  3KB          3KB
[   52.232466] bio-2                      4KB          4KB
[   52.233223] fasync_cache               3KB          3KB
[   52.245370] pid_namespace              7KB          7KB
[   52.246188] posix_timers_cache         15KB         15KB
[   52.247010] rpc_buffers               31KB         31KB
[   52.247820] rpc_tasks                  3KB          3KB
[   52.248653] UNIX                     386KB        478KB
[   52.249478] UDP-Lite                  60KB         60KB
[   52.250314] tcp_bind_bucket            8KB          8KB
[   52.251093] xfrm_state                15KB         15KB
[   52.258395] ip_fib_trie                8KB          8KB
[   52.259175] ip_fib_alias               7KB          7KB
[   52.259963] ip_dst_cache               8KB          8KB
[   52.260761] RAW                      189KB        189KB
[   52.261535] UDP                      182KB        182KB
[   52.262327] request_sock_TCP          15KB         15KB
[   52.263093] TCP                       58KB         58KB
[   52.271831] hugetlbfs_inode_cache         30KB         30KB
[   52.272832] bio-1                     11KB         11KB
[   52.273700] eventpoll_pwq             23KB         23KB
[   52.274532] eventpoll_epi             39KB         39KB
[   52.275364] inotify_inode_mark         35KB         35KB
[   52.276197] request_queue             60KB         60KB
[   52.285308] blkdev_ioc                22KB         22KB
[   52.286158] bio-0                   2292KB       2292KB
[   52.286986] biovec-max               718KB        718KB
[   52.287806] biovec-128                31KB         31KB
[   52.288682] biovec-64                456KB        456KB
[   52.289517] biovec-16                112KB        112KB
[   52.290339] uid_cache                  8KB          8KB
[   52.291142] dmaengine-unmap-2          4KB          4KB
[   52.299921] audit_buffer               7KB          7KB
[   52.300836] skbuff_fclone_cache        135KB        142KB
[   52.301801] skbuff_head_cache        150KB        195KB
[   52.302626] file_lock_cache           51KB         66KB
[   52.303447] file_lock_ctx              7KB          7KB
[   52.304239] fsnotify_mark_connector         24KB         24KB
[   52.305120] net_namespace             57KB         57KB
[   52.314355] task_delay_info          123KB        123KB
[   52.315169] taskstats                 15KB         15KB
[   52.315973] proc_dir_entry           258KB        258KB
[   52.316774] pde_opener                39KB         39KB
[   52.317594] seq_file                  86KB         90KB
[   52.318407] sigqueue                  59KB         59KB
[   52.319295] shmem_inode_cache       1289KB       1415KB
[   52.320141] kernfs_iattrs_cache        204KB        204KB
[   52.330301] kernfs_node_cache       3963KB       3963KB
[   52.331147] mnt_cache                149KB        149KB
[   52.332015] filp                    2940KB       3322KB
[   52.332848] names_cache            24080KB      24692KB
[   52.333678] hashtab_node             274KB        274KB
[   52.334517] ebitmap_node            1149KB       1149KB
[   52.342023] avtab_node              4976KB       4976KB
[   52.342884] avc_node                  31KB         31KB
[   52.343721] lsm_inode_cache         3073KB       3119KB
[   52.344562] lsm_file_cache           176KB        248KB
[   52.345427] key_jar                   31KB         31KB
[   52.346241] uts_namespace             15KB         15KB
[   52.347059] nsproxy                    7KB          7KB
[   52.358300] vm_area_struct          3080KB       3248KB
[   52.359168] mm_struct                457KB        486KB
[   52.360001] fs_cache                  69KB         76KB
[   52.360851] files_cache              352KB        414KB
[   52.361658] signal_cache             524KB        524KB
